{"version": 2, "width": 153, "height": 44, "timestamp": 1762810673, "env": {"SHELL": "/bin/bash", "TERM": "xterm-256color"}}
[0.289422, "o", "\u001b[?2004h$<\u001b[1;2;36mclear\u001b[0m>:: "]
[1.576061, "o", "\u001b[H\u001b[2J$<\u001b[1;2;36mclear\u001b[0m>:: "]
[1.956412, "o", "l"]
[2.039768, "o", "s"]
[2.295818, "o", "\r\n\u001b[?2004l\r"]
[2.297397, "o", "README.md  clearcls.cast  cls.c  \u001b[0m\u001b[01;34mdocs\u001b[0m/  meson.build\r\n"]
[2.297699, "o", "\u001b[?2004h$<\u001b[1;2;36mclear\u001b[0m>:: "]
[3.098905, "o", "m"]
[3.169233, "o", "e"]
[3.340687, "o", "s"]
[3.434926, "o", "o"]
[3.587349, "o", "n"]
[3.682661, "o", " "]
[3.900727, "o", "s"]
[4.019587, "o", "e"]
[4.232949, "o", "t"]
[4.32753, "o", "u"]
[4.41474, "o", "p"]
[4.596946, "o", " "]
[4.83269, "o", "b"]
[4.84745, "o", "u"]
[4.957509, "o", "i"]
[5.155994, "o", "l"]
[5.224393, "o", "d"]
[5.353131, "o", " "]
[5.510003, "o", "\r\n"]
[5.510625, "o", "\u001b[?2004l\r"]
[9.880804, "o", "\u001b[1mThe Meson build system\u001b[0m\r\nVersion: 1.6.1\r\n"]
[9.880972, "o", "Source dir: \u001b[1m/home/umar/Desktop/PlayGround/WorkShop/KerHackLibre/KerNix/clear\u001b[0m\r\nBuild dir: \u001b[1m/home/umar/Desktop/PlayGround/WorkShop/KerHackLibre/KerNix/clear/build\u001b[0m\r\n"]
[9.881161, "o", "Build type: \u001b[1mnative build\u001b[0m\r\n"]
[9.915117, "o", "Project name: \u001b[1mcls\u001b[0m\r\nProject version: \u001b[1m1.2.1\u001b[0m\r\n"]
[10.50226, "o", "C compiler for the host machine: \u001b[1mcc\u001b[0m (gcc 14.2.1 \"cc (GCC) 14.2.1 20250405\")\r\n"]
[10.502495, "o", "C linker for the host machine: \u001b[1mcc\u001b[0m ld.bfd 2.44\r\n"]
[10.701881, "o", "Host machine cpu family: \u001b[1mx86_64\u001b[0m\r\nHost machine cpu: \u001b[1mx86_64\u001b[0m\r\n"]
[10.844517, "o", "Compiler for C supports arguments -Wformat: \u001b[1;32mYES\u001b[0m \r\n"]
[10.859113, "o", "Compiler for C supports arguments -Wunused: \u001b[1;32mYES\u001b[0m \r\n"]
[11.496283, "o", "Found pkg-config: \u001b[1;32mYES\u001b[0m \u001b[1m(/usr/bin/pkg-config)\u001b[0m \u001b[1;34m0.29.2\u001b[0m\r\n"]
[12.203658, "o", "Run-time dependency \u001b[1mcurses\u001b[0m found: \u001b[1;32mYES\u001b[0m \u001b[36m6.5.20240427\u001b[0m\r\n"]
[12.209008, "o", "Build targets in project: \u001b[1m1\u001b[0m\r\n\r\n"]
[12.303653, "o", "Found ninja-1.13.1 at /usr/bin/ninja\r\n"]
[12.40918, "o", "\u001b[?2004h$<\u001b[1;2;36mclear\u001b[0m>:: "]
[13.050993, "o", "s"]
[13.145424, "o", "u"]
[13.255026, "o", "d"]
[13.328648, "o", "o"]
[13.453319, "o", " "]
[13.66622, "o", "m"]
[13.743974, "o", "e"]
[13.932213, "o", "s"]
[14.093149, "o", "o"]
[14.273197, "o", "n"]
[14.361557, "o", " "]
[14.587683, "o", "c"]
[15.24348, "o", "\b\u001b[K"]
[15.423469, "o", "i"]
[15.668754, "o", "n"]
[15.761786, "o", "s"]
[15.841335, "o", "t"]
[15.926325, "o", "a"]
[16.029757, "o", "l"]
[16.163484, "o", "l"]
[16.274424, "o", " "]
[16.41592, "o", "-"]
[16.6816, "o", "C"]
[16.80786, "o", " "]
[17.012288, "o", "b"]
[17.107981, "o", "u"]
[17.170133, "o", "i"]
[17.398865, "o", "l"]
[17.451235, "o", "d"]
[17.571471, "o", " "]
[17.777602, "o", "\r\n\u001b[?2004l\r"]
[17.855129, "o", "Password: "]
[19.670533, "o", "\r\n"]
[20.010498, "o", "Dropping privileges to 'umar' before running ninja...\r\n"]
[20.01363, "o", "ninja: Entering directory `/home/umar/Desktop/PlayGround/WorkShop/KerHackLibre/KerNix/clear/build'\r\n"]
[20.014293, "o", "\r[0/2] Compiling C object cls.p/cls.c.o\u001b[K"]
[20.346358, "o", "\r[1/2] Compiling C object cls.p/cls.c.o\u001b[K\r\n\u001b[01m\u001b[K../cls.c:\u001b[m\u001b[K In function '\u001b[01m\u001b[Kmain\u001b[m\u001b[K':\r\n\u001b[01m\u001b[K../cls.c:102:7:\u001b[m\u001b[K \u001b[01;35m\u001b[Kwarning: \u001b[m\u001b[Kvariable '\u001b[01m\u001b[Ksz_spawn\u001b[m\u001b[K' set but not used [\u001b[01;35m\u001b[K-Wunused-but-set-variable\u001b[m\u001b[K]\r\n  102 |       \u001b[01;35m\u001b[Ksz_spawn\u001b[m\u001b[K=0;  /*  sticky zone spawn   <unused>*/\r\n      |       \u001b[01;35m\u001b[K^~~~~~~~\u001b[m\u001b[K\r\n"]
[20.346999, "o", "\r[1/2] Linking target cls\u001b[K"]
[20.388367, "o", "\r[2/2] Linking target cls\u001b[K\r\n"]
[20.389678, "o", "Installing cls to /usr/local/bin\r\n"]
[20.390809, "o", "Installing /home/umar/Desktop/PlayGround/WorkShop/KerHackLibre/KerNix/clear/./docs/manpage/cls.1 to /usr/local/share/man/man1\r\n"]
[20.479607, "o", "\u001b[?2004h$<\u001b[1;2;36mclear\u001b[0m>:: "]
[21.950722, "o", "\u001b[H\u001b[2J$<\u001b[1;2;36mclear\u001b[0m>:: "]
[23.439536, "o", "c"]
[23.54326, "o", "l"]
[23.64275, "o", "s"]
[23.749138, "o", " "]
[24.559917, "o", "-"]
[24.859909, "o", "h"]
[25.003865, "o", " "]
[25.178009, "o", "\r\n\u001b[?2004l\r"]
[25.180205, "o", "Usage : cls [OPTION]...[NUMBER]\r\n\r\n   -h    \tShow this help\r\n   -v    \tCurrent version\r\n   [n]   \tClears back [n] lines or part of the screen.\r\n   -g [n]\tInsert an empty gap between\r\n   -s [n]\tCreate a sticky area\r\n\r\ncls version 1.2.1 by KerHack-Libre \r\n"]
[25.180652, "o", "\u001b[?2004h$<\u001b[1;2;36mclear\u001b[0m>:: "]
[27.895755, "o", "c"]
[28.016204, "o", "l"]
[28.357853, "o", "\b\u001b[K"]
[28.49217, "o", "\b\u001b[K"]
[28.694482, "o", "m"]
[28.80566, "o", "a"]
[28.93111, "o", "n"]
[28.979944, "o", " "]
[29.324438, "o", "c"]
[29.437336, "o", ";"]
[29.553065, "o", "s"]
[29.659675, "o", " "]
[30.023576, "o", "\b\u001b[K"]
[30.181461, "o", "\b\u001b[K"]
[30.322801, "o", "\b\u001b[K"]
[30.439127, "o", "l"]
[30.548465, "o", "s"]
[30.629, "o", " "]
[30.777137, "o", "\r\n"]
[30.7777, "o", "\u001b[?2004l\r"]
[30.847435, "o", "man: outdated mandoc.db lacks cls(1) entry, run makewhatis /usr/local/share/man\r\n"]
[30.91196, "o", "\u001b[?1049h\u001b[22;0;0t\u001b[44;1H\u001b[?1h\u001b=\r"]
[30.912184, "o", "CLS(1)                           User Commands                          CLS(1)\r\n\r\n\u001b[1;32mNAME\u001b[0m\r\n       cls - terminal cleaner with enhanced visual and interactive control\r\n\r\n\u001b[1;32mSYNOPSIS\u001b[0m\r\n       \u001b[1;32mcls\u001b[0m [\u001b[1;4;31mOPTION\u001b[0m]... [\u001b[1;4;31mNUMBER\u001b[0m]\r\n\r\n\u001b[1;32mDESCRIPTION\u001b[0m\r\n       \u001b[1;32mcls\u001b[0m est une commande de nettoyage de terminal offrant des\r\n       fonctionnalités avancées par rapport à la commande \u001b[1;32mclear\u001b[0m(1).  Elle\r\n       permet un contrôle précis de l’affichage, incluant l’effacement\r\n       sélectif, l’insertion d’espaces vides, et la création de zones\r\n       persistantes dans le terminal.\r\n\r\n       Les principales améliorations comprennent :\r\n\r\n       • \u001b[1;32mL’effacement\u001b[0m \u001b[1;32men\u001b[0m \u001b[1;32marrière\u001b[0m \u001b[1;32mou\u001b[0m \u001b[1;32mpartiel\u001b[0m \u001b[1;32mde\u001b[0m \u001b[1;32ml’écran.\u001b[0m\r\n\r\n       • \u001b[1;32mL’insertion\u001b[0m \u001b[1;32mde\u001b[0m \u001b[1;32m\"gaps\"\u001b[0m \u001b[1;32m(espaces\u001b[0m \u001b[1;32mvides)\u001b[0m \u001b[1;32mpour\u001b[0m \u001b[1;32maérer\u001b[0m \u001b[1;32mla\u001b[0m \u001b[1;32msortie.\u001b[0m\r\n\r\n       • \u001b["]
[30.912333, "o", "1;32mLa\u001b[0m \u001b[1;32mcréation\u001b[0m \u001b[1;32md’une\u001b[0m \u001b[1;32m\"sticky\u001b[0m \u001b[1;32marea\"\u001b[0m \u001b[1;32men\u001b[0m \u001b[1;32mbas\u001b[0m \u001b[1;32mdu\u001b[0m \u001b[1;32mterminal,\u001b[0m \u001b[1;32mutile\u001b[0m \u001b[1;32mpour\u001b[0m \u001b[1;32mgarder\u001b[0m\r\n         \u001b[1;32mvisible\u001b[0m \u001b[1;32mune\u001b[0m \u001b[1;32mzone\u001b[0m \u001b[1;32md’entrée\u001b[0m \u001b[1;32mou\u001b[0m \u001b[1;32mde\u001b[0m \u001b[1;32mmonitoring.\u001b[0m\r\n\r\n\r\n\u001b[1;32mOPTIONS\u001b[0m\r\n       \u001b[1;32m-h\u001b[0m     Affiche l’aide et quitte.\r\n\r\n       \u001b[1;32m-v\u001b[0m     Affiche la version courante et quitte.\r\n\r\n       \u001b[1;32m-g\u001b[0m [n] Insère un espace vide de \u001b[1;4;31mn\u001b[0m lignes entre deux sections du\r\n              terminal.  Si \u001b[1;4;31mn\u001b[0m n’est pas précisé, une seule ligne est insérée\r\n              par défaut.\r\n\r\n       \u001b[1;32m-s\u001b[0m [n] Crée une zone « sticky » (fixe) en haut du terminal, préservant\r\n              \u001b[1;4;31mn\u001b[0m lignes visibles.  Utile pour garder un prompt ou une zone\r\n              d’état persistante pendant l’effacement du haut de l’écran.\r\n\r\n\r\n\u001b[1;32mEXAMPLES\u001b[0m\r\n       \u001b[1;32mcls\u001b[0m    Efface entièrement le terminal.\r\n\r\n       \u001b[1;32mcls\u001b[0m \u001b[1;32m5\u001b[0m  Efface en arrière de 5 lignes ou partiel de l’écran.\r\n\u001b[01;33m/tmp/man.XXXXHov6dk\u001b[0m\u001b[K"]
[31.797512, "o", "\r\u001b[K"]
[31.797742, "o", "\r\n"]
[31.797888, "o", "       \u001b[1;32mcls\u001b[0m \u001b[1;32m-g\u001b[0m \u001b[1;32m5\u001b[0m\r\n              Efface le terminal et ajoute un espace vide de 5 lignes.\r\n\r\n       \u001b[1;32mcls\u001b[0m \u001b[1;32m-s\u001b[0m \u001b[1;32m10\u001b[0m\r\n              Efface la partie haute du terminal de 10 lignes tout en\r\n              conservant le reste  visibles.\r\n\r\n       \u001b[1;32mcls\u001b[0m \u001b[1;32m-g\u001b[0m \u001b[1;32m2\u001b[0m \u001b[1;32m-s\u001b[0m \u001b[1;32m5\u001b[0m\r\n              Ajoute 2 lignes vides puis conserve une zone de 5 lignes en haut\r\n              du terminal.\r\n\r\n\r\n\u001b[1;32mVERSION\u001b[0m\r\n       cls version 1.2.1\r\n\r\n\r\n\u001b[1;32mAUTHOR\u001b[0m\r\n       Développé par Umar Ba <jUmarB@protonmail.com> @KerHack-Libre.\r\n\r\n\r\n\u001b[1;32mREPORTING\u001b[0m \u001b[1;32mBUGS\u001b[0m\r\n       Signalez les problèmes ou suggestions sur la page du projet.\r\n       \u001b[1;4;31mhttps://github.com/KerHack-Libre/KerNix/\u001b[0m\r\n\r\n\r\n\u001b[1;32mCOPYRIGHT\u001b[0m\r\n       Copyright © 2025 by KerHack-Libre.  Licence libre — redistribution et\r\n       modification autorisées sous les termes de la licence choisie par\r\n       l’auteur.\r\n\r\n\r\n\u001b[1;32mSEE\u001b[0m \u001b[1;32mALSO\u001b[0m\r\n       \u001b[1;32mclear\u001b[0m(1)\r\n\r\ncls 1.2.1                            2025                               CLS(1)\r\n\u001b[01;33m(END)\u001b[0m\u001b[K"]
[32.523683, "o", "\r\u001b[K"]
[32.524139, "o", "\u0007\r\u001b[K\u001b[01;33m(END)\u001b[0m\u001b[K"]
[33.751211, "o", "\r\u001b[K \u001b[KESC\b\b\bESC\u001b[KO\bO\u001b[KA\bA\r\u001b[K\u001b[H\u001bM              \u001b[1;4;31mn\u001b[0m lignes visibles.  Utile pour garder un prompt ou une zone\r\n\u001b[44;1H\r\u001b[K:\u001b[K\r\u001b[K \u001b[KESC\b\b\bESC\u001b[KO\bO\u001b[KA\bA\r\u001b[K"]
[33.75128, "o", "\u001b[H\u001bM       \u001b[1;32m-s\u001b[0m [n] Crée une zone « sticky » (fixe) en haut du terminal, préservant\r\n\u001b[44;1H\r\u001b[K:\u001b[K\r\u001b[K \u001b[KESC\b\b\bESC\u001b[KO\bO\u001b[KA\bA\r\u001b[K\u001b[H\u001bM\r\n\u001b[44;1H\r\u001b[K:\u001b[K\r\u001b[K \u001b[KESC\b\b\bESC\u001b[KO\bO\u001b[KA\bA\r\u001b[K"]
[33.751512, "o", "\u001b[H\u001bM              par défaut.\r\n\u001b[44;1H\r\u001b[K:\u001b[K\r\u001b[K \u001b[KESC\b\b\bESC\u001b[KO\bO\u001b[KA\bA\r\u001b[K\u001b[H\u001bM              terminal.  Si \u001b[1;4;31mn\u001b[0m n’est pas précisé, une seule ligne est insérée\r\n\u001b[44;1H\r\u001b[K:\u001b[K"]
[33.776871, "o", "\r\u001b[K \u001b[KESC\b\b\bESC\u001b[KO\bO\u001b[KA\bA\r\u001b[K\u001b[H\u001bM       \u001b[1;32m-g\u001b[0m [n] Insère un espace vide de \u001b[1;4;31mn\u001b[0m lignes entre deux sections du\r\n\u001b[44;1H\r\u001b[K:\u001b[K"]
[33.776996, "o", "\r\u001b[K \u001b[KESC\b\b\bESC\u001b[KO\bO\u001b[KA\bA\r\u001b[K\u001b[H\u001bM\r\n\u001b[44;1H\r\u001b[K:\u001b[K\r\u001b[K \u001b[KESC\b\b\bESC\u001b[KO\bO\u001b[KA\bA\r\u001b[K\u001b[H\u001bM       \u001b[1;32m-v\u001b[0m     Affiche la version courante et quitte.\r\n\u001b[44;1H\r\u001b[K:\u001b[K\r\u001b[K \u001b[KESC\b\b\bESC\u001b[KO\bO\u001b[KA\bA\r\u001b[K\u001b[H\u001bM\r\n\u001b[44;1H\r\u001b[K:\u001b[K\r\u001b[K \u001b[KESC\b\b\bESC\u001b[KO\bO\u001b[KA\bA\r\u001b[K"]
[33.777709, "o", "\u001b[H\u001bM       \u001b[1;32m-h\u001b[0m     Affiche l’aide et quitte.\r\n\u001b[44;1H\r\u001b[K:\u001b[K\r\u001b[K \u001b[KESC\b\b\bESC\u001b[KO\bO\u001b[KA\bA\r\u001b[K\u001b[H\u001bM\u001b[1;32mOPTIONS\u001b[0m\r\n\u001b[44;1H\r\u001b[K:\u001b[K\r\u001b[K \u001b[KESC\b\b\bESC\u001b[KO\bO\u001b[KA\bA\r\u001b[K\u001b[H\u001bM\r\n\u001b[44;1H\r\u001b[K:\u001b[K\r\u001b[K \u001b[KESC\b\b\bESC\u001b[KO\bO\u001b[KA\bA\r\u001b[K\u001b[H\u001bM\r\n\u001b[44;1H\r\u001b[K:\u001b[K\r\u001b[K \u001b[KESC\b\b\bESC\u001b[KO\bO\u001b[KA\bA\r\u001b[K\u001b[H\u001bM         \u001b[1;32mvisible\u001b[0m \u001b[1;32mune\u001b[0m \u001b[1;32mzone\u001b[0m \u001b[1;32md’entrée\u001b[0m \u001b[1;32mou\u001b[0m \u001b[1;32mde\u001b[0m \u001b[1;32mmonitoring.\u001b[0m\r\n\u001b[44;1H\r\u001b[K:\u001b[K\r\u001b[K \u001b[KESC\b\b\bESC\u001b[KO\bO\u001b[KA\bA\r\u001b[K"]
[33.777865, "o", "\u001b[H\u001bM       • \u001b[1;32mLa\u001b[0m \u001b[1;32mcréation\u001b[0m \u001b[1;32md’une\u001b[0m \u001b[1;32m\"sticky\u001b[0m \u001b[1;32marea\"\u001b[0m \u001b[1;32men\u001b[0m \u001b[1;32mbas\u001b[0m \u001b[1;32mdu\u001b[0m \u001b[1;32mterminal,\u001b[0m \u001b[1;32mutile\u001b[0m \u001b[1;32mpour\u001b[0m \u001b[1;32mgarder\u001b[0m\r\n\u001b[44;1H\r\u001b[K:\u001b[K\r\u001b[K \u001b[KESC\b\b\bESC\u001b[KO\bO\u001b[KA\bA\r\u001b[K\u001b[H\u001bM\r\n\u001b[44;1H\r\u001b[K:\u001b[K\r\u001b[K \u001b[KESC\b\b\bESC\u001b[KO\bO\u001b[KA\bA\r\u001b[K\u001b[H\u001bM       • \u001b[1;32mL’insertion\u001b[0m \u001b[1;32mde\u001b[0m \u001b[1;32m\"gaps\"\u001b[0m \u001b[1;32m(espaces\u001b[0m \u001b[1;32mvides)\u001b[0m \u001b[1;32mpour\u001b[0m \u001b[1;32maérer\u001b[0m \u001b[1;32mla\u001b[0m \u001b[1;32msortie.\u001b[0m\r\n\u001b[44;1H\r\u001b[K:\u001b[K"]
[33.778226, "o", "\r\u001b[K \u001b[KESC\b\b\bESC\u001b[KO\bO\u001b[KA\bA\r\u001b[K\u001b[H\u001bM\r\n\u001b[44;1H\r\u001b[K:\u001b[K\r\u001b[K \u001b[KESC\b\b\bESC\u001b[KO\bO\u001b[KA\bA\r\u001b[K\u001b[H\u001bM       • \u001b[1;32mL’effacement\u001b[0m \u001b[1;32men\u001b[0m \u001b[1;32marrière\u001b[0m \u001b[1;32mou\u001b[0m \u001b[1;32mpartiel\u001b[0m \u001b[1;32mde\u001b[0m \u001b[1;32ml’écran.\u001b[0m\r\n\u001b[44;1H\r\u001b[K:\u001b[K\r\u001b[K \u001b[KESC\b\b\bESC\u001b[KO\bO\u001b[KA\bA\r\u001b[K\u001b[H\u001bM\r\n\u001b[44;1H\r\u001b[K:\u001b[K\r\u001b[K \u001b[KESC\b\b\bESC\u001b[KO\bO\u001b[KA\bA\r\u001b[K\u001b[H\u001bM       Les principales améliorations comprennent :\r\n\u001b[44;1H\r\u001b[K:\u001b[K\r\u001b[K \u001b[KESC\b\b\bESC\u001b[KO\bO\u001b[KA\bA\r\u001b[K\u001b[H\u001bM\r\n\u001b[44;1H\r\u001b[K:\u001b[K\r\u001b[K \u001b[KESC\b\b\bESC\u001b[KO\bO\u001b[KA\bA\r\u001b[K\u001b[H\u001bM       persistantes dans le terminal.\r\n\u001b[44;1H\r\u001b[K:\u001b[K\r\u001b[K \u001b[KESC\b\b\bESC\u001b[KO\bO\u001b[KA\bA\r\u001b[K\u001b[H\u001bM       sélectif, l’insertion d’espaces vides, et la création de zones\r\n\u001b[44;1H\r\u001b[K:\u001b[K\r\u001b[K \u001b[KESC\b\b\bESC\u001b[KO\bO\u001b[KA\bA\r\u001b[K"]
[33.778385, "o", "\u001b[H\u001bM       permet un contrôle précis de l’affichage, incluant l’effacement\r\n\u001b[44;1H\r\u001b[K:\u001b[K"]
[33.8029, "o", "\r\u001b[K \u001b[KESC\b\b\bESC\u001b[KO\bO\u001b[KA\bA\r\u001b[K\u001b[H\u001bM       fonctionnalités avancées par rapport à la commande \u001b[1;32mclear\u001b[0m(1).  Elle\r\n\u001b[44;1H\r\u001b[K:\u001b[K\r\u001b[K \u001b[KESC\b\b\bESC\u001b[KO\bO\u001b[KA\bA\r\u001b[K\u001b[H\u001bM       \u001b[1;32mcls\u001b[0m est une commande de nettoyage de terminal offrant des\r\n\u001b[44;1H\r\u001b[K:\u001b[K\r\u001b[K \u001b[KESC\b\b\bESC\u001b[KO\bO\u001b[KA\bA\r\u001b[K\u001b[H\u001bM\u001b[1;32mDESCRIPTION\u001b[0m\r\n\u001b[44;1H\r\u001b[K:\u001b[K\r\u001b[K \u001b[KESC\b\b\bESC\u001b[KO\bO\u001b[KA\bA\r\u001b[K\u001b[H\u001bM\r\n\u001b[44;1H\r\u001b[K:\u001b[K\r\u001b[K \u001b[KESC\b\b\bESC\u001b[KO\bO\u001b[KA\bA\r\u001b[K\u001b[H\u001bM       \u001b[1;32mcls\u001b[0m [\u001b[1;4;31mOPTION\u001b[0m]... [\u001b[1;4;31mNUMBER\u001b[0m]\r\n\u001b[44;1H\r\u001b[K:\u001b[K\r\u001b[K \u001b[KESC\b\b\bESC\u001b[KO\bO\u001b[KA\bA\r\u001b[K\u001b[H\u001bM\u001b[1;32mSYNOPSIS\u001b[0m\r\n\u001b[44;1H\r\u001b[K:\u001b[K\r\u001b[K \u001b[KESC\b\b\bESC\u001b[KO\bO\u001b[KA\bA\r\u001b[K\u001b[H\u001bM\r\n\u001b[44;1H\r\u001b[K:\u001b[K\r\u001b[K \u001b[KESC\b\b\bESC\u001b[KO\bO\u001b[KA\bA\r\u001b[K\u001b[H\u001bM       cls - terminal cleaner with enhanced visual and interactive control\r\n\u001b[44;1H\r\u001b[K:\u001b[K\r\u001b[K \u001b[KESC\b\b\bESC\u001b[KO\bO\u001b[KA\bA\r\u001b[K\u001b[H\u001bM\u001b[1;32mNAME\u001b[0m\r\n\u001b[44;1H\r\u001b[K:\u001b[K\r\u001b[K \u001b[KESC\b\b\bESC\u001b[KO\bO\u001b[KA\bA\r\u001b[K\u001b[H\u001bM"]
[33.80332, "o", "\r\n\u001b[44;1H\r\u001b[K:\u001b[K\r\u001b[K \u001b[KESC\b\b\bESC\u001b[KO\bO\u001b[KA\bA\r\u001b[K\u001b[H\u001bMCLS(1)                           User Commands                          CLS(1)\r\n\u001b[44;1H\r\u001b[K:\u001b[K\r\u001b[K \u001b[KESC\b\b\bESC\u001b[KO\bO\u001b[KA\bA\r\u001b[K"]
[33.803616, "o", "\u0007\r\u001b[K:\u001b[K"]
[33.826486, "o", "\r\u001b[K \u001b[KESC\b\b\bESC\u001b[KO\bO\u001b[KA\bA\r\u001b[K\r\u001b[K:\u001b[K"]
[33.827159, "o", "\r\u001b[K \u001b[KESC\b\b\bESC\u001b[KO\bO\u001b[KA\bA\r\u001b[K\r\u001b[K:\u001b[K\r\u001b[K \u001b[KESC\b\b\bESC\u001b[KO\bO\u001b[KA\bA\r\u001b[K\r\u001b[K:\u001b[K"]
[33.851687, "o", "\r\u001b[K \u001b[KESC\b\b\bESC\u001b[KO\bO\u001b[KA\bA\r\u001b[K\r\u001b[K:\u001b[K"]
[33.851826, "o", "\r\u001b[K \u001b[KESC\b\b\bESC\u001b[KO\bO\u001b[KA\bA\r\u001b[K\r\u001b[K:\u001b[K"]
[33.852244, "o", "\r\u001b[K \u001b[KESC\b\b\bESC\u001b[KO\bO\u001b[KA\bA\r\u001b[K\r\u001b[K:\u001b[K"]
[33.90098, "o", "\r\u001b[K \u001b[KESC\b\b\bESC\u001b[KO\bO\u001b[KA\bA\r\u001b[K\r\u001b[K:\u001b[K"]
[33.901346, "o", "\r\u001b[K \u001b[KESC\b\b\bESC\u001b[KO\bO\u001b[KA\bA\r\u001b[K\r\u001b[K:\u001b[K\r\u001b[K \u001b[KESC\b\b\bESC\u001b[KO\bO\u001b[KA\bA\r\u001b[K\r\u001b[K:\u001b[K"]
[33.999493, "o", "\r\u001b[K \u001b[KESC\b\b\bESC\u001b[KO\bO\u001b[KA\bA\r\u001b[K\r\u001b[K:\u001b[K\r\u001b[K \u001b[KESC\b\b\bESC\u001b[KO\bO\u001b[KA\bA\r\u001b[K"]
[33.999707, "o", "\r\u001b[K:\u001b[K\r\u001b[K \u001b[KESC\b\b\bESC\u001b[KO\bO\u001b[KA\bA\r\u001b[K\r\u001b[K:\u001b[K\r\u001b[K \u001b[KESC\b\b\bESC\u001b[KO\bO\u001b[KA\bA\r\u001b[K\r\u001b[K:\u001b[K\r\u001b[K \u001b[KESC\b\b\bESC\u001b[KO\bO\u001b[KA\bA\r\u001b[K\r\u001b[K:\u001b[K\r\u001b[K \u001b[KESC\b\b\bESC\u001b[KO\bO\u001b[KA\bA\r\u001b[K\r\u001b[K:\u001b[K"]
[34.024992, "o", "\r\u001b[K \u001b[KESC\b\b\bESC\u001b[KO\bO\u001b[KA\bA\r\u001b[K\r\u001b[K:\u001b[K\r\u001b[K \u001b[KESC\b\b\bESC\u001b[KO\bO\u001b[KA\bA\r\u001b[K"]
[34.025193, "o", "\r\u001b[K:\u001b[K\r\u001b[K \u001b[KESC\b\b\bESC\u001b[KO\bO\u001b[KA\bA\r\u001b[K\r\u001b[K:\u001b[K\r\u001b[K \u001b[KESC\b\b\bESC\u001b[KO\bO\u001b[KA\bA\r\u001b[K\r\u001b[K:\u001b[K\r\u001b[K \u001b[KESC\b\b\bESC\u001b[KO\bO\u001b[KA\bA\r\u001b[K\r\u001b[K:\u001b[K\r\u001b[K \u001b[KESC\b\b\bESC\u001b[KO\bO\u001b[KA\bA\r\u001b[K\r\u001b[K:\u001b[K\r\u001b[K \u001b[KESC\b\b\bESC\u001b[KO\bO\u001b[KA\bA\r\u001b[K\r\u001b[K:\u001b[K\r\u001b[K \u001b[KESC\b\b\bESC\u001b[KO\bO\u001b[KA\bA\r\u001b[K\r\u001b[K:\u001b[K\r\u001b[K \u001b[KESC\b\b\bESC\u001b[KO\bO\u001b[KA\bA\r\u001b[K\r\u001b[K:\u001b[K"]
[34.051329, "o", "\r\u001b[K \u001b[KESC\b\b\bESC\u001b[KO\bO\u001b[KA\bA\r\u001b[K\r\u001b[K:\u001b[K\r\u001b[K \u001b[KESC\b\b\bESC\u001b[KO\bO\u001b[KA\bA\r\u001b[K\r\u001b[K:\u001b[K\r\u001b[K \u001b[KESC\b\b\bESC\u001b[KO\bO\u001b[KA\bA\r\u001b[K\r\u001b[K:\u001b[K\r\u001b[K \u001b[KESC\b\b\bESC\u001b[KO\bO\u001b[KA\bA\r\u001b[K\r\u001b[K:\u001b[K\r\u001b[K \u001b[KESC\b\b\bESC\u001b[KO\bO\u001b[KA\bA\r\u001b[K\r\u001b[K:\u001b[K\r\u001b[K \u001b[KESC\b\b\bESC\u001b[KO\bO\u001b[KA\bA\r\u001b[K\r\u001b[K:\u001b[K"]
[34.051752, "o", "\r\u001b[K \u001b[KESC\b\b\bESC\u001b[KO\bO\u001b[KA\bA\r\u001b[K\r\u001b[K:\u001b[K\r\u001b[K \u001b[KESC\b\b\bESC\u001b[KO\bO\u001b[KA\bA\r\u001b[K\r\u001b[K:\u001b[K\r\u001b[K \u001b[KESC\b\b\bESC\u001b[KO\bO\u001b[KA\bA\r\u001b[K\r\u001b[K:\u001b[K"]
[34.074841, "o", "\r\u001b[K \u001b[KESC\b\b\bESC\u001b[KO\bO\u001b[KA\bA\r\u001b[K\r\u001b[K:\u001b[K\r\u001b[K \u001b[KESC\b\b\bESC\u001b[KO\bO\u001b[KA\bA\r\u001b[K\r\u001b[K:\u001b[K"]
[34.076028, "o", "\r\u001b[K \u001b[KESC\b\b\bESC\u001b[KO\bO\u001b[KA\bA\r\u001b[K\r\u001b[K:\u001b[K\r\u001b[K \u001b[KESC\b\b\bESC\u001b[KO\bO\u001b[KA\bA\r\u001b[K\r\u001b[K:\u001b[K\r\u001b[K \u001b[KESC\b\b\bESC\u001b[KO\bO\u001b[KA\bA\r\u001b[K\r\u001b[K:\u001b[K\r\u001b[K \u001b[KESC\b\b\bESC\u001b[KO\bO\u001b[KA\bA\r\u001b[K\r\u001b[K:\u001b[K\r\u001b[K \u001b[KESC\b\b\bESC\u001b[KO\bO\u001b[KA\bA\r\u001b[K\r\u001b[K:\u001b[K\r\u001b[K \u001b[KESC\b\b\bESC\u001b[KO\bO\u001b[KA\bA\r\u001b[K\r\u001b[K:\u001b[K\r\u001b[K \u001b[KESC\b\b\bESC\u001b[KO\bO\u001b[KA\bA\r\u001b[K\r\u001b[K:\u001b[K"]
[34.099227, "o", "\r\u001b[K \u001b[KESC\b\b\bESC\u001b[KO\bO\u001b[KA\bA\r\u001b[K\r\u001b[K:\u001b[K"]
[34.099537, "o", "\r\u001b[K \u001b[KESC\b\b\bESC\u001b[KO\bO\u001b[KA\bA\r\u001b[K\r\u001b[K:\u001b[K\r\u001b[K \u001b[KESC\b\b\bESC\u001b[KO\bO\u001b[KA\bA\r\u001b[K\r\u001b[K:\u001b[K"]
[34.198813, "o", "\r\u001b[K \u001b[KESC\b\b\bESC\u001b[KO\bO\u001b[KA\bA\r\u001b[K\u0007\r\u001b[K:\u001b[K"]
[34.199032, "o", "\r\u001b[K \u001b[KESC\b\b\bESC\u001b[KO\bO\u001b[KA\bA\r\u001b[K\r\u001b[K:\u001b[K\r\u001b[K \u001b[KESC\b\b\bESC\u001b[KO\bO\u001b[KA\bA\r\u001b[K\r\u001b[K:\u001b[K\r\u001b[K \u001b[KESC\b\b\bESC\u001b[KO\bO\u001b[KA\bA\r\u001b[K\r\u001b[K:\u001b[K"]
[34.247524, "o", "\r\u001b[K \u001b[KESC\b\b\bESC\u001b[KO\bO\u001b[KA\bA\r\u001b[K\r\u001b[K:\u001b[K\r\u001b[K \u001b[KESC\b\b\bESC\u001b[KO\bO\u001b[KA\bA\r\u001b[K\r\u001b[K:\u001b[K"]
[34.247977, "o", "\r\u001b[K \u001b[KESC\b\b\bESC\u001b[KO\bO\u001b[KA\bA\r\u001b[K\r\u001b[K:\u001b[K\r\u001b[K \u001b[KESC\b\b\bESC\u001b[KO\bO\u001b[KA\bA\r\u001b[K\r\u001b[K:\u001b[K"]
[34.744927, "o", "\r\u001b[K\u001b[?1l\u001b>\u001b[?1049l\u001b[23;0;0t"]
[34.745839, "o", "\u001b[?2004h$<\u001b[1;2;36mclear\u001b[0m>:: "]
[35.743222, "o", "e"]
[35.828453, "o", "r"]
[35.916226, "o", " "]
[36.003178, "o", "\b\u001b[K"]
[36.145698, "o", "\b\u001b[K"]
[36.295299, "o", "\b\u001b[K"]
[36.355255, "o", "c"]
[36.441179, "o", "a"]
[36.566833, "o", "t"]
[36.684181, "o", " "]
[37.091696, "o", "m"]
[37.309917, "o", "eson.build "]
[37.80599, "o", "\r\n"]
[37.806637, "o", "\u001b[?2004l\r"]
[37.844429, "o", "# Copyright(c) 2025  Umar Ba <jUmarB@protonmail.com>  @KerHack-Libre\r\nproject('cls', 'c',\r\n  version : '1.2.1',\r\n  license:['GPL-2.0-or-later'],\r\n  meson_version:'>=1.6.1',\r\n  default_options : ['c_std=gnu99','warning_level=3'])\r\n\r\npkg_config=import('pkgconfig') \r\n\r\ncc = meson.get_compiler('c') \r\n\r\nadd_project_arguments(\r\n  cc.get_supported_arguments(\r\n    '-Wformat',\r\n    '-Wunused'\r\n  ), \r\n  '-DCLS_VERSION='+  meson.project_version(),  \r\n  language:'c',\r\n  )\r\n\r\ncurses=dependency('curses') \r\n\r\ninstall_man(['./docs/manpage/cls.1']) \r\nexecutable('cls',\r\n           'cls.c',\r\n           dependencies:[curses], \r\n           install : true)\r\n"]
[37.844759, "o", "\u001b[?2004h$<\u001b[1;2;36mclear\u001b[0m>:: "]
[39.175867, "o", "c"]
[39.311726, "o", "l"]
[39.403223, "o", "s"]
[39.501291, "o", " "]
[39.99752, "o", "1"]
[40.343545, "o", "-"]
[40.779268, "o", "\b\u001b[K"]
[40.960314, "o", "0"]
[41.311292, "o", "\r\n\u001b[?2004l\r"]
[41.313398, "o", "\u001b[10A\u001b[10M"]
[41.31408, "o", "\u001b[?2004h$<\u001b[1;2;36mclear\u001b[0m>:: "]
[42.343092, "o", "cls 10"]
[42.945028, "o", "\b\u001b[K"]
[43.954648, "o", "3"]
[44.426341, "o", "\b\u001b[K"]
[44.607938, "o", "\b\u001b[K"]
[44.739287, "o", "3"]
[44.843882, "o", "0"]
[45.416764, "o", "\r\n\u001b[?2004l\r"]
[45.418168, "o", "\u001b[30A\u001b[30M"]
[45.418378, "o", "\u001b[?2004h$<\u001b[1;2;36mclear\u001b[0m>:: "]
[47.304549, "o", "s"]
[47.415195, "o", "u"]
[47.49976, "o", "d"]
[47.587316, "o", "o"]
[47.698298, "o", " "]
[47.79858, "o", "d"]
[47.943002, "o", "e"]
[48.196751, "o", "m"]
[48.483008, "o", "\b\u001b[K"]
[48.608608, "o", "\b\u001b[K"]
[48.812694, "o", "m"]
[48.880983, "o", "e"]
[49.02982, "o", "s"]
[49.237497, "o", "g"]
[49.318602, "o", " "]
[49.483461, "o", "\r\n\u001b[?2004l\r"]
[49.551455, "o", "\u001b[32m[    0.000000] \u001b[0mLinux version 6.12.51_1 (voidlinux@voidlinux) (gcc (GCC) 14.2.1 20250405, GNU ld (GNU Binutils) 2.44) #1 SMP PREEMPT_DYNAMIC Mon Oct  6 22:11:00 UTC 2025\r\n\u001b[32m[    0.000000] \u001b[0m\u001b[33mCommand line: \u001b[0mBOOT_IMAGE=/boot/vmlinuz-6.12.51_1 root=UUID=566d3b44-5587-4707-b40e-d8e8bf7ddfbe ro loglevel=4\r\n\u001b[32m[    0.000000] \u001b[0mBIOS-provided physical RAM map:\r\n\u001b[32m[    0.000000] \u001b[0m\u001b[33mBIOS-e820: \u001b[0m[mem 0x0000000000000000-0x000000000009d7ff] usable\r\n\u001b[32m[    0.000000] \u001b[0m\u001b[33mBIOS-e820: \u001b[0m[mem 0x000000000009d800-0x000000000009ffff] reserved\r\n\u001b[32m[    0.000000] \u001b[0m\u001b[33mBIOS-e820: \u001b[0m[mem 0x00000000000e0000-0x00000000000fffff] reserved\r\n\u001b[32m[    0.000000] \u001b[0m\u001b[33mBIOS-e820: \u001b[0m[mem 0x0000000000100000-0x000000001fffffff] usable\r\n\u001b[32m[    0.000000] \u001b[0m\u001b[33mBIOS-e820: \u001b[0m[mem 0x0000000020000000-0x00000000201fffff] reserved\r\n\u001b[32m[    0.000000] \u001b[0m\u001b[33mBIOS-e820: \u001b[0m[mem 0x0000000020200000-0x0000000040003fff] usable\r\n"]
[49.551679, "o", "\u001b[32m[    0.000000] \u001b[0m\u001b[33mBIOS-e820: \u001b[0m[mem 0x0000000040004000-0x0000000040004fff] reserved\r\n\u001b[32m[    0.000000] \u001b[0m\u001b[33mBIOS-e820: \u001b[0m[mem 0x0000000040005000-0x00000000cec30fff] usable\r\n\u001b[32m[    0.000000] \u001b[0m\u001b[33mBIOS-e820: \u001b[0m[mem 0x00000000cec31000-0x00000000dae9efff] reserved\r\n\u001b[32m[    0.000000] \u001b[0m\u001b[33mBIOS-e820: \u001b[0m[mem 0x00000000dae9f000-0x00000000daf9efff] ACPI NVS\r\n\u001b[32m[    0.000000] \u001b[0m\u001b[33mBIOS-e820: \u001b[0m[mem 0x00000000daf9f000-0x00000000daffefff] ACPI data\r\n\u001b[32m[    0.000000] \u001b[0m\u001b[33mBIOS-e820: \u001b[0m[mem 0x00000000dafff000-0x00000000df9fffff] reserved\r\n\u001b[32m[    0.000000] \u001b[0m\u001b[33mBIOS-e820: \u001b[0m[mem 0x00000000f8000000-0x00000000fbffffff] reserved\r\n\u001b[32m[    0.000000] \u001b[0m\u001b[33mBIOS-e820: \u001b[0m[mem 0x00000000fec00000-0x00000000fec00fff] reserved\r\n"]
[49.55221, "o", "\u001b[32m[    0.000000] \u001b[0m\u001b[33mBIOS-e820: \u001b[0m[mem 0x00000000fed08000-0x00000000fed08fff] reserved\r\n\u001b[32m[    0.000000] \u001b[0m\u001b[33mBIOS-e820: \u001b[0m[mem 0x00000000fed10000-0x00000000fed19fff] reserved\r\n\u001b[32m[    0.000000] \u001b[0m\u001b[33mBIOS-e820: \u001b[0m[mem 0x00000000fed1c000-0x00000000fed1ffff] reserved\r\n\u001b[32m[    0.000000] \u001b[0m\u001b[33mBIOS-e820: \u001b[0m[mem 0x00000000fee00000-0x00000000fee00fff] reserved\r\n\u001b[32m[    0.000000] \u001b[0m\u001b[33mBIOS-e820: \u001b[0m[mem 0x00000000ffc00000-0x00000000ffffffff] reserved\r\n\u001b[32m[    0.000000] \u001b[0m\u001b[33mBIOS-e820: \u001b[0m[mem 0x0000000100000000-0x000000011e5fffff] usable\r\n\u001b[32m[    0.000000] \u001b[0m\u001b[33mNX (Execute Disable) protection: \u001b[0mactive\r\n\u001b[32m[    0.000000] \u001b[0m\u001b[33mAPIC: \u001b[0mStatic calls initialized\r\n\u001b[32m[    0.000000] \u001b[0mSMBIOS 2.7 present.\r\n\u001b[32m[    0.000000] \u001b[0m\u001b[33mDMI: \u001b[0mLENOVO 3437AM4/3437AM4, BIOS GCET91WW (2.51 ) 01/15/2013\r\n\u001b[32m[    0.000000] \u001b[0m\u001b[33mDMI: \u001b[0mMemory slots populated: 2/2\r\n\u001b[32m[    0.000000] \u001b[0m\u001b[33mtsc: \u001b[0mFast TSC calibration using PIT\r\n\u001b[32m[    0.000000] \u001b[0m\u001b[33mtsc: \u001b[0mDetected 2893.454 MHz processor\r\n\u001b[32m[    0.000983] \u001b[0m\u001b[33me820: \u001b[0mupdate [mem 0x00000000-0x00000fff] usable ==> reserved\r\n\u001b[32m[    0.000986] \u001b[0m\u001b[33me820: \u001b[0mremove [mem 0x000a0000-0x000fffff] usable\r\n\u001b[32m[    0.000995] \u001b[0mlast_pfn = 0x11e600 max_arch_pfn = 0x400000000\r\n\u001b[32m[    0.001002] \u001b[0m\u001b[33mMTRR map: \u001b[0m8 entries (3 fixed + 5 variable; max 23), built from 10 variable MTRRs\r\n\u001b[32m[    0.001004] \u001b[0m\u001b[33mx86/PAT: \u001b[0mConfiguration [0-7]: WB  WC  UC- UC  WB  WP  UC- WT  \r\n\u001b[32m[    0.001388] \u001b[0mlast_pfn = 0xdafff max_arch_pfn = 0x400000000\r\n\u001b[32m[    0.001508] \u001b[0mfound SMP MP-table at [mem 0x000f0100-0x000f010f]\r\n\u001b[32m[    0.001925] \u001b[0m\u001b[33mRAMDISK: \u001b[0m[mem 0x28a21000-0x30507fff]\r\n\u001b[32m[    0.001930] \u001b[0m\u001b[33mACPI: \u001b[0mEarly table checksum verification disabled\r\n\u001b[32m[    0.001933] \u001b[0m\u001b[33mACPI: \u001b[0mRSDP 0x00000000000F0120 000024 (v02 LENOVO)\r\n\u001b[32m[    0.001937] \u001b[0m\u001b[33mACPI: \u001b[0mXSDT 0x00000000DAFFE170 0000BC (v01 LENOVO TP-GC    00002510 PTL  00000002)\r\n\u001b[32m[    0.001943] \u001b[0m\u001b[33mACPI: \u001b[0mFACP 0x00000000DAFE5000 00010C (v05 LENOVO TP-GC    00002510 PTL  00000002)\r\n\u001b[32m[    0.001949] \u001b[0m\u001b[33mACPI: \u001b[0mDSDT 0x00000000DAFE7000 0110D3 (v01 LENOVO TP-GC    00002510 INTL 20061109)\r\n\u001b[32m[    0.001952] \u001b[0m\u001b[33mACPI: \u001b[0mFACS 0x00000000DAF5A000 000040\r\n\u001b[32m[    0.001955] \u001b[0m\u001b[33mACPI: \u001b[0mSLIC 0x00000000DAFFD000 000176 (v01 LENOVO TP-GC    00002510 PTL  00000001)\r\n\u001b[32m[    0.001958] \u001b[0m\u001b[33mACPI: \u001b[0mTCPA 0x00000000DAFFC000 000032 (v02 PTL    LENOVO   06040000 LNVO 00000001)\r\n\u001b[32m[    0.001961] \u001b[0m\u001b[33mACPI: \u001b[0mSSDT 0x00000000DAFFB000 000408 (v01 LENOVO TP-SSDT2 00000200 INTL 20061109)\r\n\u001b[32m[    0.001964] \u001b[0m\u001b[33mACPI: \u001b[0mSSDT 0x00000000DAFFA000 000033 (v01 LENOVO TP-SSDT1 00000100 INTL 20061109)\r\n\u001b[32m[    0.001967] \u001b[0m\u001b[33mACPI: \u001b[0mSSDT 0x00000000DAFF9000 0007A8 (v01 LENOVO SataAhci 00001000 INTL 20061109)\r\n\u001b[32m[    0.001970] \u001b[0m\u001b[33mACPI: \u001b[0mHPET 0x00000000DAFE3000 000038 (v01 LENOVO TP-GC    00002510 PTL  00000002)\r\n\u001b[32m[    0.001973] \u001b[0m\u001b[33mACPI: \u001b[0mAPIC 0x00000000DAFE2000 000098 (v01 LENOVO TP-GC    00002510 PTL  00000002)\r\n\u001b[32m[    0.001976] \u001b[0m\u001b[33mACPI: \u001b[0mMCFG 0x00000000DAFE1000 00003C (v01 LENOVO TP-GC    00002510 PTL  00000002)\r\n\u001b[32m[    0.001980] \u001b[0m\u001b[33mACPI: \u001b[0mECDT 0x00000000DAFE0000 000052 (v01 LENOVO TP-GC    00002510 PTL  00000002)\r\n\u001b[32m[    0.001983] \u001b[0m\u001b[33mACPI: \u001b[0mFPDT 0x00000000DAFDF000 000064 (v01 LENOVO TP-GC    00002510 PTL  00000002)\r\n\u001b[32m[    0.001986] \u001b[0m\u001b[33mACPI: \u001b[0mASF! 0x00000000DAFE6000 0000A5 (v32 LENOVO TP-GC    00002510 PTL  00000002)\r\n\u001b[32m[    0.001989] \u001b[0m\u001b[33mACPI: \u001b[0mUEFI 0x00000000DAFDE000 00003E (v01 LENOVO TP-GC    00002510 PTL  00000002)\r\n\u001b[32m[    0.001992] \u001b[0m\u001b[33mACPI: \u001b[0mUEFI 0x00000000DAFDD000 000042 (v01 PTL    COMBUF   00000001 PTL  00000001)\r\n\u001b[32m[    0.001995] \u001b[0m\u001b[33mACPI: \u001b[0mPOAT 0x00000000DAFDC000 000055 (v03 LENOVO TP-GC    00002510 PTL  00000002)\r\n\u001b[32m[    0.001998] \u001b[0m\u001b[33mACPI: \u001b[0mSSDT 0x00000000DAFDB000 000C79 (v01 PmRef  Cpu0Ist  00003000 INTL 20061109)\r\n\u001b[32m[    0.00200"]
[49.552614, "o", "1] \u001b[0m\u001b[33mACPI: \u001b[0mSSDT 0x00000000DAFDA000 000A83 (v01 PmRef  CpuPm    00003000 INTL 20061109)\r\n\u001b[32m[    0.002004] \u001b[0m\u001b[33mACPI: \u001b[0mUEFI 0x00000000DAFD9000 0002A6 (v01 LENOVO TP-GC    00002510 PTL  00000002)\r\n\u001b[32m[    0.002007] \u001b[0m\u001b[33mACPI: \u001b[0mDBG2 0x00000000DAFD8000 0000E9 (v00 LENOVO TP-GC    00002510 PTL  00000002)\r\n\u001b[32m[    0.002010] \u001b[0m\u001b[33mACPI: \u001b[0mReserving FACP table memory at [mem 0xdafe5000-0xdafe510b]\r\n\u001b[32m[    0.002011] \u001b[0m\u001b[33mACPI: \u001b[0mReserving DSDT table memory at [mem 0xdafe7000-0xdaff80d2]\r\n\u001b[32m[    0.002012] \u001b[0m\u001b[33mACPI: \u001b[0mReserving FACS table memory at [mem 0xdaf5a000-0xdaf5a03f]\r\n"]
[49.552692, "o", "\u001b[32m[    0.002013] \u001b[0m\u001b[33mACPI: \u001b[0mReserving SLIC table memory at [mem 0xdaffd000-0xdaffd175]\r\n\u001b[32m[    0.002014] \u001b[0m\u001b[33mACPI: \u001b[0mReserving TCPA table memory at [mem 0xdaffc000-0xdaffc031]\r\n\u001b[32m[    0.002015] \u001b[0m\u001b[33mACPI: \u001b[0mReserving SSDT table memory at [mem 0xdaffb000-0xdaffb407]\r\n\u001b[32m[    0.002016] \u001b[0m\u001b[33mACPI: \u001b[0mReserving SSDT table memory at [mem 0xdaffa000-0xdaffa032]\r\n\u001b[32m[    0.002016] \u001b[0m\u001b[33mACPI: \u001b[0mReserving SSDT table memory at [mem 0xdaff9000-0xdaff97a7]\r\n\u001b[32m[    0.002017] \u001b[0m\u001b[33mACPI: \u001b[0mReserving HPET table memory at [mem 0xdafe3000-0xdafe3037]\r\n\u001b[32m[    0.002018] \u001b[0m\u001b[33mACPI: \u001b[0mReserving APIC table memory at [mem 0xdafe2000-0xdafe2097]\r\n\u001b[32m[    0.002019] \u001b[0m\u001b[33mACPI: \u001b[0mReserving MCFG table memory at [mem 0xdafe1000-0xdafe103b]\r\n\u001b[32m[    0.002020] \u001b[0m\u001b[33mACPI: \u001b[0mReserving ECDT table memory at [mem 0xdafe0000-0xdafe0051]\r\n\u001b[32m[    0.002021] \u001b[0m\u001b[33mACPI: \u001b[0mReserving FPDT table memory at [mem 0xdafdf000-0xdafdf063]\r\n\u001b[32m[    0.002021] \u001b[0m\u001b[33mACPI: \u001b[0mReserving ASF! table memory at [mem 0xdafe6000-0xdafe60a4]\r\n\u001b[32m[    0.002022] \u001b[0m\u001b[33mACPI: \u001b[0mReserving UEFI table memory at [mem 0xdafde000-0xdafde03d]\r\n\u001b[32m[    0.002023] \u001b[0m\u001b[33mACPI: \u001b[0mReserving UEFI table memory at [mem 0xdafdd000-0xdafdd041]\r\n\u001b[32m[    0.002024] \u001b[0m\u001b[33mACPI: \u001b[0mReserving POAT table memory at [mem 0xdafdc000-0xdafdc054]\r\n\u001b[32m[    0.002025] \u001b[0m\u001b[33mACPI: \u001b[0mReserving SSDT table memory at [mem 0xdafdb000-0xdafdbc78]\r\n\u001b[32m[    0.002026] \u001b[0m\u001b[33mACPI: \u001b[0mReserving SSDT table memory at [mem 0xdafda000-0xdafdaa82]\r\n\u001b[32m[    0.002027] \u001b[0m\u001b[33mACPI: \u001b[0mReserving UEFI table memory at [mem 0xdafd9000-0xdafd92a5]\r\n\u001b[32m[    0.002027] \u001b[0m\u001b[33mACPI: \u001b[0mReserving DBG2 table memory at [mem 0xdafd8000-0xdafd80e8]\r\n\u001b[32m[    0.002079] \u001b[0mNo NUMA configuration found\r\n\u001b[32m[    0.002080] \u001b[0mFaking a node at [mem 0x0000000000000000-0x000000011e5fffff]\r\n\u001b[32m[    0.002084] \u001b[0mNODE_DATA(0) allocated [mem 0x11e5faac0-0x11e5fffff]\r\n\u001b[32m[    0.002107] \u001b[0mZone ranges:\r\n"]
[49.553498, "o", "\u001b[32m[    0.002107] \u001b[0m  DMA      [mem 0x0000000000001000-0x0000000000ffffff]\r\n\u001b[32m[    0.002109] \u001b[0m  DMA32    [mem 0x0000000001000000-0x00000000ffffffff]\r\n\u001b[32m[    0.002111] \u001b[0m  Normal   [mem 0x0000000100000000-0x000000011e5fffff]\r\n\u001b[32m[    0.002112] \u001b[0m  Device   empty\r\n\u001b[32m[    0.002113] \u001b[0mMovable zone start for each node\r\n\u001b[32m[    0.002114] \u001b[0mEarly memory node ranges\r\n\u001b[32m[    0.002114] \u001b[0m\u001b[33m  node   0: \u001b[0m[mem 0x0000000000001000-0x000000000009cfff]\r\n\u001b[32m[    0.002116] \u001b[0m\u001b[33m  node   0: \u001b[0m[mem 0x0000000000100000-0x000000001fffffff]\r\n\u001b[32m[    0.002117] \u001b[0m\u001b[33m  node   0: \u001b[0m[mem 0x0000000020200000-0x0000000040003fff]"]
[49.553682, "o", "\r\n\u001b[32m[    0.002118] \u001b[0m\u001b[33m  node   0: \u001b[0m[mem 0x0000000040005000-0x00000000cec30fff]\r\n\u001b[32m[    0.002119] \u001b[0m\u001b[33m  node   0: \u001b[0m[mem 0x0000000100000000-0x000000011e5fffff]\r\n\u001b[32m[    0.002121] \u001b[0mInitmem setup node 0 [mem 0x0000000000001000-0x000000011e5fffff]\r\n\u001b[32m[    0.002126] \u001b[0m\u001b[33mOn node 0, zone DMA: \u001b[0m1 pages in unavailable ranges\r\n\u001b[32m[    0.002154] \u001b[0m\u001b[33mOn node 0, zone DMA: \u001b[0m99 pages in unavailable ranges\r\n\u001b[32m[    0.004143] \u001b[0m\u001b[33mOn node 0, zone DMA32: \u001b[0m512 pages in unavailable ranges\r\n\u001b[32m[    0.008767] \u001b[0m\u001b[33mOn node 0, zone DMA32: \u001b[0m1 pages in unavailable ranges\r\n\u001b[32m[    0.009838] \u001b[0m\u001b[33mOn node 0, zone Normal: \u001b[0m5071 pages in unavailable ranges\r\n\u001b[32m[    0.009967] \u001b[0m\u001b[33mOn node 0, zone Normal: \u001b[0m6656 pages in unavailable ranges\r\n\u001b[32m[    0.009974] \u001b[0mReserving Intel graphics memory at [mem 0xdba00000-0xdf9fffff]\r\n\u001b[32m[    0.010400] \u001b[0m\u001b[33mACPI: \u001b[0mPM-Timer IO Port: 0x408\r\n\u001b[32m[    0.010408] \u001b[0m\u001b[33mCPU topo: \u001b[0mIgnoring hot-pluggable APIC ID 0 in present package.\r\n\u001b[32m[    0.010411] \u001b[0m\u001b[33mACPI: \u001b[0mLAPIC_NMI (acpi_id[0x00] high edge lint[0x1])\r\n\u001b[32m[    0.010412] \u001b[0m\u001b[33mACPI: \u001b[0mLAPIC_NMI (acpi_id[0x01] high edge lint[0x1])\r\n\u001b[32m[    0.010425] \u001b[0m\u001b[33mIOAPIC[0]: \u001b[0mapic_id 2, version 32, address 0xfec00000, GSI 0-23\r\n\u001b[32m[    0.010428] \u001b[0m\u001b[33mACPI: \u001b[0mINT_SRC_OVR (bus 0 bus_irq 0 global_irq 2 dfl dfl)\r\n\u001b[32m[    0.010430] \u001b[0m\u001b[33mACPI: \u001b[0mINT_SRC_OVR (bus 0 bus_irq 9 global_irq 9 high level)\r\n\u001b[32m[    0.010435] \u001b[0m\u001b[33mACPI: \u001b[0mUsing ACPI (MADT) for SMP configuration information\r\n\u001b[32m[    0.010436] \u001b[0m\u001b[33mACPI: \u001b[0mHPET id: 0x8086a301 base: 0xfed00000\r\n\u001b[32m[    0.010441] \u001b[0mTSC deadline timer available\r\n\u001b[32m[    0.010447] \u001b[0m\u001b[33mCPU topo: \u001b[0mMax. logical packages:   1\r\n\u001b[32m[    0.010448] \u001b[0m\u001b[33mCPU topo: \u001b[0mMax. logical dies:       1\r\n\u001b[32m[    0.010448] \u001b[0m\u001b[33mCPU topo: \u001b[0mMax. dies per package:   1\r\n\u001b[32m[    0.010453] \u001b[0m\u001b[33mCPU topo: \u001b[0mMax. threads per core:   2\r\n\u001b[32m[    0.010454] \u001b[0m\u001b[33mCPU topo: \u001b[0mNum. cores per package:     2\r\n\u001b[32m[    0.010455] \u001b[0m\u001b[33mCPU topo: \u001b[0mNum. threads per package:   4\r\n\u001b[32m[    0.010455] \u001b[0m\u001b[33mCPU topo: \u001b[0mAllowing 4 present CPUs plus 0 hotplug CPUs\r\n\u001b[32m[    0.010456] \u001b[0m\u001b[33mCPU topo: \u001b[0mRejected CPUs 4\r\n\u001b[32m[    0.010474] \u001b[0m\u001b[33mPM: \u001b[0mhibernation: Registered nosave memory: [mem 0x00000000-0x00000fff]\r\n\u001b[32m[    0.010476] \u001b[0m\u001b[33mPM: \u001b[0mhibernation: Registered nosave memory: [mem 0x0009d000-0x000fffff]\r\n\u001b[32m[    0.010478] \u001b[0m\u001b[33mPM: \u001b[0mhibernation: Registered nosave memory: [mem 0x20000000-0x201fffff]\r\n\u001b[32m[    0.010479] \u001b[0m\u001b[33mPM: \u001b[0mhibernation: Registered nosave memory: [mem 0x40004000-0x40004fff]\r\n\u001b[32m[    0.010481] \u001b[0m\u001b[33mPM: \u001b[0mhibernation: Registered nosave memory: [mem 0xcec31000-0xffffffff]\r\n\u001b[32m[    0.010483] \u001b[0m[mem 0xdfa00000-0xf7ffffff] available for PCI devices\r\n\u001b[32m[    0.010484] \u001b[0mBooting paravirtualized kernel on bare hardware\r\n\u001b[32m[    0.010486] \u001b[0m\u001b[33mclocksource: \u001b[0mrefined-jiffies: mask: 0xffffffff max_cycles: 0xffffffff, max_idle_ns: 1910969940391419 ns\r\n\u001b[32m[    0.016131] \u001b[0m\u001b[33msetup_percpu: \u001b[0mNR_CPUS:256 nr_cpumask_bits:4 nr_cpu_ids:4 nr_node_ids:1\r\n\u001b[32m[    0.016481] \u001b[0m\u001b[33mpercpu: \u001b[0mEmbedded 66 pages/cpu s233472 r8192 d28672 u524288\r\n\u001b[32m[    0.016488] \u001b[0m\u001b[33mpcpu-alloc: \u001b[0ms233472 r8192 d28672 u524288 alloc=1*2097152\r\n\u001b[32m[    0.016490] \u001b[0m\u001b[33mpcpu-alloc: \u001b[0m[0] 0 1 2 3 \r\n\u001b[32m[    0.016506] \u001b[0m\u001b[33mKernel command line: \u001b[0mBOOT_IMAGE=/boot/vmlinuz-6.12.51_1 root=UUID=566d3b44-5587-4707-b40e-d8e8bf7ddfbe ro loglevel=4\r\n\u001b[32m[    0.016561] \u001b[0mUnknown kernel command line parameters \"BOOT_IMAGE=/boot/vmlinuz-6.12.51_1\", will be passed to user space.\r\n\u001b[32m[    0.016570] \u001b[0m\u001b[33mrandom: \u001b[0mcrng init done\r\n\u001b[32m[    0.017049] \u001b[0m\u001b[33mDentry cache hash table entries: \u001b[0m524288 (order: 10, 4194304 bytes, linear)\r\n\u001b[32m[    0.017312] \u001b[0m\u001b[33mInode-cache hash table entries: \u001b[0m262144 (order: 9, 2097152 bytes, linear)\r\n\u001b[32m[    0.017387] \u001b[0m\u001b[33mFallback order for Node 0: \u001b[0m0 \r\n\u001b[32m"]
[49.553857, "o", "[    0.017390] \u001b[0m\u001b[33mBuilt 1 zonelists, mobility grouping on.  Total pages: \u001b[0m970700\r\n\u001b[32m[    0.017392] \u001b[0m\u001b[33mPolicy zone: \u001b[0mNormal\r\n\u001b[32m[    0.017699] \u001b[0m\u001b[33mmem auto-init: \u001b[0mstack:all(zero), heap alloc:on, heap free:off\r\n\u001b[32m[    0.017704] \u001b[0m\u001b[33msoftware IO TLB: \u001b[0marea num 4.\r\n\u001b[32m[    0.046486] \u001b[0m\u001b[33mSLUB: \u001b[0mHWalign=64, Order=0-3, MinObjects=0, CPUs=4, Nodes=1\r\n\u001b[32m[    0.046513] \u001b[0m\u001b[33mKernel/User page tables isolation: \u001b[0menabled\r\n\u001b[32m[    0.046554] \u001b[0m\u001b[33mftrace: \u001b[0mallocating 45359 entries in 178 pages\r\n\u001b[32m[    0.054580] \u001b[0m\u001b[33mftrace: \u001b[0mallocated 178 pages with 4 groups\r\n\u001b[32m[    0.055328] \u001b[0m\u001b[33mDynamic Preempt: \u001b[0mvoluntary\r\n\u001b[32m[    0.055377] \u001b[0m\u001b[33mrcu: \u001b[0mPreemptible hierarchical RCU implementation.\r\n\u001b[32m[    0.055378] \u001b[0m\u001b[33mrcu: \u001b[0m\tRCU restricting CPUs from NR_CPUS=256 to nr_cpu_ids=4.\r\n\u001b[32m[    0.055379] \u001b[0m\tTrampoline variant of Tasks RCU enabled.\r\n\u001b[32m[    0.055380] \u001b[0m\tRude variant of Tasks RCU enabled.\r\n\u001b[32m[    0.055380] \u001b[0m\tTracing variant of Tasks RCU enabled.\r\n\u001b[32m[    0.055381] \u001b[0m\u001b[33mrcu: \u001b[0mRCU calculated value of scheduler-enlistment delay is 100 jiffies.\r\n\u001b[32m[    0.055382] \u001b[0m\u001b[33mrcu: \u001b[0mAdjusting geometry for rcu_fanout_leaf=16, nr_cpu_ids=4\r\n\u001b[32m[    0.055391] \u001b[0m\u001b[33mRCU Tasks: \u001b[0mSetting shift to 2 and lim to 1 rcu_task_cb_adjust=1 rcu_task_cpu_ids=4.\r\n\u001b[32m[    0.055393] \u001b[0m\u001b[33mRCU Tasks Rude: \u001b[0mSetting shift to 2 and lim to 1 rcu_task_cb_adjust=1 rcu_task_cpu_ids=4.\r\n\u001b[32m[    0.055395] \u001b[0m\u001b[33mRCU Tasks Trace: \u001b[0mSetting shift to 2 and lim to 1 rcu_task_cb_adjust=1 rcu_task_cpu_ids=4.\r\n\u001b[32m[    0.061174] \u001b[0m\u001b[33mNR_IRQS: \u001b[0m16640, nr_irqs: 456, preallocated irqs: 16\r\n\u001b[32m[    0.061380] \u001b[0m\u001b[33mrcu: \u001b[0msrcu_init: Setting srcu_struct sizes based on contention.\r\n\u001b[32m[    0.061522] \u001b[0m\u001b[33mkfence: \u001b[0minitialized - using 2097152 bytes for 255 objects at 0x(____ptrval____)-0x(____ptrval____)\r\n\u001b[32m[    0.061560] \u001b[0m\u001b[33mConsole: \u001b[0mcolour dummy device 80x25\r\n\u001b[32m[    0.061563] \u001b[0m\u001b[33mprintk: \u001b[0mlegacy console [tty0] enabled\r\n\u001b[32m[    0.061613] \u001b[0m\u001b[33mACPI: \u001b[0mCore revision 20240827\r\n\u001b[32m[    0.061735] \u001b[0m\u001b[33mclocksource: \u001b[0mhpet: mask: 0xffffffff max_cycles: 0xffffffff, max_idle_ns: 133484882848 ns\r\n\u001b[32m[    0.061751] \u001b[0m\u001b[33mAPIC: \u001b[0mSwitch to symmetric I/O mode setup\r\n\u001b[32m[    0.061823] \u001b[0m\u001b[33mx2apic: \u001b[0mIRQ remapping doesn't support X2APIC mode\r\n\u001b[32m[    0.062274] \u001b[0m\u001b[33m..TIMER: \u001b[0mvector=0x30 apic1=0 pin1=2 apic2=-1 pin2=-1\r\n\u001b[32m[    0.066752] \u001b[0m\u001b[33mclocksource: \u001b[0mtsc-early: mask: 0xffffffffffffffff max_cycles: 0x29b51b8b761, max_idle_ns: 440795332944 ns\r\n\u001b[32m[    0.066757] \u001b[0mCalibrating delay loop (skipped), value calculated using timer frequency.. 5786.90 BogoMIPS (lpj=2893454)\r\n\u001b[32m[    0.066775] \u001b[0m\u001b[33mx86/cpu: \u001b[0m\u001b[31mVMX (outside TXT) disabled by BIOS\u001b[0m\r\n\u001b[32m[    0.066785] \u001b[0m\u001b[33mCPU0: \u001b[0mThermal monitoring enabled (TM1)\r\n\u001b[32m[    0.066810] \u001b[0m\u001b[33mLast level iTLB entries: \u001b[0m4KB 512, 2MB 8, 4MB 8\r\n\u001b[32m[    0.066812] \u001b[0m\u001b[33mLast level dTLB entries: \u001b[0m4KB 512, 2MB 32, 4MB 32, 1GB 0\r\n\u001b[32m[    0.066815] \u001b[0m\u001b[33mprocess: \u001b[0musing mwait in idle threads\r\n\u001b[32m[    0.066817] \u001b[0m\u001b[33mSpectre V1 : \u001b[0mMitigation: usercopy/swapgs barriers and __user pointer sanitization\r\n\u001b[32m[    0.066820] \u001b[0m\u001b[33mSpectre V2 : \u001b[0mMitigation: Retpolines\r\n\u001b[32m[    0.066820] \u001b[0m\u001b[33mSpectre V2 : \u001b[0mSpectre v2 / SpectreRSB: Filling RSB on context switch and VMEXIT\r\n\u001b[32m[    0.066822] \u001b[0m\u001b[33mSpeculative Store Bypass: \u001b[0mVulnerable\r\n\u001b[32m[    0.066824] \u001b[0m\u001b[33mMDS: \u001b[0mVulnerable: Clear CPU buffers attempted, no microcode\r\n\u001b[32m[    0.066825] \u001b[0m\u001b[33mMMIO Stale Data: \u001b[0mUnknown: No mitigations\r\n\u001b[32m[    0.066826] \u001b[0m\u001b[33mSRBDS: \u001b[0mVulnerable: No microcode\r\n\u001b[32m[    0.066831] \u001b[0m\u001b[33mx86/fpu: \u001b[0mSupporting XSAVE feature 0x001: 'x87 floating point registers'\r\n\u001b[32m[    0.066833] \u001b[0m\u001b[33mx86/fpu: \u001b[0mSupporting XSAVE feature 0x002: 'SSE registers'\r\n\u001b[32m[    0.066834] \u001b[0m\u001b[33mx86/fpu: \u001b[0mSupporting XSAVE feature 0x004: 'AVX registers'\r\n\u001b[32m[    0.066835] \u001b[0m\u001b[33mx86/fpu: \u001b[0mxstate_offset[2]:  576, xstate_sizes[2]:  256\r\n\u001b[32m[    0.066837] \u001b[0m\u001b[33mx86/fpu: \u001b[0mEnabled xstate features 0x7, context size is 832 bytes, using 'standard' format.\r\n\u001b[32m[    0.087812] \u001b[0m\u001b[33mFreeing SMP alternatives memory: \u001b[0m40K\r\n\u001b[32m[    0.087820] \u001b[0m\u001b[33mpid_max: \u001b[0mdefault: 32768 minimum: 301\r\n\u001b[32m[    0.087865] \u001b[0m\u001b[33mLSM: \u001b[0minitializing lsm=lockdown,capability,landlock,yama\r\n\u001b[32m[    0.087940] \u001b[0m\u001b[33mlandlock: \u001b[0mUp and running.\r\n\u001b[32m[    0.087941] \u001b[0m\u001b[33mYama: \u001b[0mbecoming mindful.\r\n\u001b[32m[    0.087971] \u001b[0m\u001b[33mMount-cache hash table entries: \u001b[0m8192 (order: 4, 65536 bytes, linear)\r\n\u001b[32m[    0.087978] \u001b[0m\u001b[33mMountpoint-cache hash table entries: \u001b[0m8192 (order: 4, 65536 bytes, linear)\r\n\u001b[32m[    0.088829] \u001b[0m\u001b[33msmpboot: \u001b[0mCPU0: Intel(R) Core(TM) i7-3520M CPU @ 2.90GHz (family: 0x6, model: 0x3a, stepping: 0x9)\r\n\u001b[32m[    0.089139] \u001b[0m\u001b[33mPerformance Events: \u001b[0mPEBS fmt1+, IvyBridge events, 16-deep LBR, full-width counters, Intel PMU driver.\r\n\u001b[32m[    0.089159] \u001b[0m\u001b[33m... version: \u001b[0m               3\r\n\u001b[32m[    0.089160] \u001b[0m\u001b[33m... bit width: \u001b[0m             48\r\n\u001b[32m[    0.089161] \u001b[0m\u001b[33m... generic registers: \u001b[0m     4\r\n\u001b[32m[    0.089162] \u001b[0m\u001b[33m... value mask: \u001b[0m            0000ffffffffffff\r\n\u001b[32m[    0.089163] \u001b[0m\u001b[33m... max period: \u001b[0m            00007fffffffffff\r\n"]
[49.554198, "o", "\u001b[32m[    0.089164] \u001b[0m\u001b[33m... fixed-purpose events: \u001b[0m  3\r\n\u001b[32m[    0.089165] \u001b[0m\u001b[33m... event mask: \u001b[0m            000000070000000f\r\n\u001b[32m[    0.089321] \u001b[0m\u001b[33msignal: \u001b[0mmax sigframe size: 1776\r\n\u001b[32m[    0.089340] \u001b[0m\u001b[33mEstimated ratio of average max frequency by base frequency (times 1024): \u001b[0m1200\r\n\u001b[32m[    0.089372] \u001b[0m\u001b[33mrcu: \u001b[0mHierarchical SRCU implementation.\r\n\u001b[32m[    0.089374] \u001b[0m\u001b[33mrcu: \u001b[0m\tMax phase no-delay instances is 400.\r\n\u001b[32m[    0.089422] \u001b[0m\u001b[33mTimer migration: \u001b[0m1 hierarchy levels; 8 children per group; 1 crossnode level\r\n\u001b[32m[    0.089827] \u001b[0m\u001b[33mNMI watchdog: \u001b[0mEnabled. Permanently consumes one hw-PMU counter.\r\n\u001b[32m[    0.089882] \u001b[0m\u001b[33msmp: \u001b[0mBringing up secondary CPUs ...\r\n\u001b[32m[    0.090025] \u001b[0m\u001b[33msmpboot: \u001b[0mx86: Booting SMP configuration:\r\n\u001b[32m[    0.090026] \u001b[0m\u001b[33m.... node  #0, CPUs: \u001b[0m     #2 #1 #3\r\n\u001b[32m[    0.091891] \u001b[0m\u001b[1mMDS CPU bug present and SMT on, data leak possible. See https://www.kernel.org/doc/html/latest/admin-guide/hw-vuln/mds.html for more details.\u001b[0m\r\n\u001b[32m[    0.092803] \u001b[0m\u001b[33msmp: \u001b[0mBrought up 1 node, 4 CPUs\r\n\u001b[32m[    0.092803] \u001b[0m\u001b[33msmpboot: \u001b[0mTotal of 4 processors activated (23147.63 BogoMIPS)\r\n\u001b[32m[    0.093812] \u001b[0m\u001b[33mMemory: \u001b[0m3567256K/3882800K available (16384K kernel code, 3432K rwdata, 12000K rodata, 3340K init, 4856K bss, 308948K reserved, 0K cma-reserved)\r\n\u001b[32m[    0.093904] \u001b[0m\u001b[33mdevtmpfs: \u001b[0minitialized\r\n\u001b[32m[    0.093904] \u001b[0m\u001b[33mx86/mm: \u001b[0mMemory block size: 128MB\r\n\u001b[32m[    0.094324] \u001b[0m\u001b[33mACPI: \u001b[0mPM: Registering ACPI NVS region [mem 0xdae9f000-0xdaf9efff] (1048576 bytes)\r\n\u001b[32m[    0.094324] \u001b[0m\u001b[33mclocksource: \u001b[0mjiffies: mask: 0xffffffff max_cycles: 0xffffffff, max_idle_ns: 1911260446275000 ns\r\n\u001b[32m[    0.094324] \u001b[0m\u001b[33mfutex hash table entries: \u001b[0m1024 (order: 4, 65536 bytes, linear)\r\n\u001b[32m[    0.094324] \u001b[0m\u001b[33mpinctrl core: \u001b[0minitialized pinctrl subsystem\r\n\u001b[32m[    0.094856] \u001b[0m\u001b[33mPM: \u001b[0mRTC time: 18:03:18, date: 2025-11-10\r\n\u001b[32m[    0.095349] \u001b[0m\u001b[33mNET: \u001b[0mRegistered PF_NETLINK/PF_ROUTE protocol family\r\n\u001b[32m[    0.095490] \u001b[0m\u001b[33mDMA: \u001b[0mpreallocated 512 KiB GFP_KERNEL pool for atomic allocations\r\n\u001b[32m[    0.095526] \u001b[0m\u001b[33mDMA: \u001b[0mpreallocated 512 KiB GFP_KERNEL|GFP_DMA pool for atomic allocations\r\n\u001b[32m[    0.095559] \u001b[0m\u001b[33mDMA: \u001b[0mpreallocated 512 KiB GFP_KERNEL|GFP_DMA32 pool for atomic allocations\r\n\u001b[32m[    0.095573] \u001b[0m\u001b[33maudit: \u001b[0minitializing netlink subsys (disabled)\r\n\u001b[32m[    0.095604] \u001b[0m\u001b[33maudit: \u001b[0mtype=2000 audit(1762797798.033:1): state=initialized audit_enabled=0 res=1\r\n\u001b[32m[    0.095604] \u001b[0m\u001b[33mthermal_sys: \u001b[0mRegistered thermal governor 'bang_bang'\r\n\u001b[32m[    0.095604] \u001b[0m\u001b[33mthermal_sys: \u001b[0mRegistered thermal governor 'step_wise'\r\n"]
[49.554336, "o", "\u001b[32m[    0.095604] \u001b[0m\u001b[33mthermal_sys: \u001b[0mRegistered thermal governor 'user_space'\r\n\u001b[32m[    0.095604] \u001b[0m\u001b[33mthermal_sys: \u001b[0mRegistered thermal governor 'power_allocator'\r\n\u001b[32m[    0.095768] \u001b[0m\u001b[33mcpuidle: \u001b[0musing governor ladder\r\n\u001b[32m[    0.095775] \u001b[0m\u001b[33mcpuidle: \u001b[0musing governor menu\r\n\u001b[32m[    0.095815] \u001b[0mACPI FADT declares the system doesn't support PCIe ASPM, so disable it\r\n\u001b[32m[    0.095817] \u001b[0m\u001b[33macpiphp: \u001b[0mACPI Hot Plug PCI Controller Driver version: 0.5\r\n\u001b[32m[    0.096044] \u001b[0m\u001b[33mPCI: \u001b[0mECAM [mem 0xf8000000-0xfbffffff] (base 0xf8000000) for domain 0000 [bus 00-3f]\r\n\u001b[32m[    0.096051] \u001b[0m\u001b[33mPCI: \u001b[0mECAM [mem 0xf8000000-0xfbffffff] reserved as E820 entry\r\n\u001b[32m[    0.096061] \u001b[0m\u001b[33mPCI: \u001b[0mUsing configuration type 1 for base access\r\n\u001b[32m[    0.096101] \u001b[0m\u001b[33mcore: \u001b[0mPMU erratum BJ122, BV98, HSD29 worked around, HT is on\r\n\u001b[32m[    0.096140] \u001b[0m\u001b[33mkprobes: \u001b[0mkprobe jump-optimization is enabled. All kprobes are optimized if possible.\r\n\u001b[32m[    0.097808] \u001b[0m\u001b[33mHugeTLB: \u001b[0mregistered 2.00 MiB page size, pre-allocated 0 pages\r\n\u001b[32m[    0.097808] \u001b[0m\u001b[33mHugeTLB: \u001b[0m28 KiB vmemmap can be freed for a 2.00 MiB page\r\n\u001b[32m[    0.098850] \u001b[0m\u001b[33mfbcon: \u001b[0mTaking over console\r\n\u001b[32m[    0.098887] \u001b[0m\u001b[33mACPI: \u001b[0mAdded _OSI(Module Device)\r\n\u001b[32m[    0.098889] \u001b[0m\u001b[33mACPI: \u001b[0mAdded _OSI(Processor Device)\r\n"]
[49.555213, "o", "\u001b[32m[    0.098891] \u001b[0m\u001b[33mACPI: \u001b[0mAdded _OSI(Processor Aggregator Device)\r\n\u001b[32m[    0.106027] \u001b[0m\u001b[33mACPI: \u001b[0m6 ACPI AML tables successfully acquired and loaded\r\n\u001b[32m[    0.106464] \u001b[0m\u001b[33mACPI: \u001b[0mEC: EC started\r\n\u001b[32m[    0.106465] \u001b[0m\u001b[33mACPI: \u001b[0mEC: interrupt blocked\r\n\u001b[32m[    0.106747] \u001b[0m\u001b[33mACPI: \u001b[0mEC: EC_CMD/EC_SC=0x66, EC_DATA=0x62\r\n\u001b[32m[    0.106748] \u001b[0m\u001b[33mACPI: \u001b[0mEC: Boot ECDT EC used to handle transactions\r\n\u001b[32m[    0.106892] \u001b[0m\u001b[33mACPI: \u001b[0m[Firmware Bug]: BIOS _OSI(Linux) query ignored\r\n\u001b[32m[    0.126377] \u001b[0m\u001b[33mACPI: \u001b[0mDynamic OEM Table Load:\r\n\u001b[32m[    0.126377] \u001b[0m\u001b[33mACPI: \u001b[0mSSDT 0xFFFF8BE5C0187000 000A01 (v01 PmRef  Cpu0Cst  00003001 INTL 20061109)\r\n\u001b[32m[    0.127258] \u001b[0m\u001b[33mACPI: \u001b[0mDynamic OEM Table Load:\r\n\u001b[32m[    0.127265] \u001b[0m\u001b[33mACPI: \u001b[0mSSDT 0xFFFF8BE5C0C5FC00 000303 (v01 PmRef  ApIst    00003000 INTL 20061109)\r\n\u001b[32m[    0.127745] \u001b[0m\u001b[33mACPI: \u001b[0mDynamic OEM Table Load:\r\n\u001b[32m[    0.127750] \u001b[0m\u001b[33mACPI: \u001b[0mSSDT 0xFFFF8BE5C022B600 000119 (v01 PmRef  ApCst    00003000 INTL 20061109)\r\n\u001b[32m[    0.128571] \u001b[0m\u001b[33mACPI: \u001b[0mInterpreter enabled\r\n\u001b[32m[    0.128588] \u001b[0m\u001b[33mACPI: \u001b[0mPM: (supports S0 S3 S4 S5)\r\n\u001b[32m[    0.128590] \u001b[0m\u001b[33mACPI: \u001b[0mUsing IOAPIC for interrupt routing\r\n\u001b[32m[    0.129188] \u001b[0m\u001b[33mPCI: \u001b[0mUsing host bridge windows from ACPI; if necessary, use \"pci=nocrs\" and report a bug\r\n\u001b[32m[    0.129190] \u001b[0m\u001b[33mPCI: \u001b[0mUsing E820 reservations for host bridge windows\r\n\u001b[32m[    0.129395] \u001b[0m\u001b[33mACPI: \u001b[0mEnabled 6 GPEs in block 00 to 3F\r\n\u001b[32m[    0.132957] \u001b[0m\u001b[33mACPI: \u001b[0m\\_SB_.PCI0.LPC_.EC__.PUBS: New power resource\r\n\u001b[32m[    0.133399] \u001b[0m\u001b[33macpi PNP0C0A:01: \u001b[0mACPI dock station (docks/bays count: 1)\r\n\u001b[32m[    0.134174] \u001b[0m\u001b[33macpi LNXIOBAY:00: \u001b[0mACPI dock station (docks/bays count: 2)\r\n\u001b[32m[    0.135978] \u001b[0m\u001b[33macpi IBM0079:00: \u001b[0mACPI dock station (docks/bays count: 3)\r\n\u001b[32m[    0.136380] \u001b[0m\u001b[33mACPI: \u001b[0mPCI: Interrupt link LNKA configured for IRQ 11\r\n\u001b[32m[    0.136452] \u001b[0m\u001b[33mACPI: \u001b[0mPCI: Interrupt link LNKB configured for IRQ 10\r\n\u001b[32m[    0.136522] \u001b[0m\u001b[33mACPI: \u001b[0mPCI: Interrupt link LNKC configured for IRQ 7\r\n\u001b[32m[    0.136588] \u001b[0m\u001b[33mACPI: \u001b[0mPCI: Interrupt link LNKD configured for IRQ 11\r\n\u001b[32m[    0.136657] \u001b[0m\u001b[33mACPI: \u001b[0mPCI: Interrupt link LNKE configured for IRQ 11\r\n\u001b[32m[    0.136724] \u001b[0m\u001b[33mACPI: \u001b[0mPCI: Interrupt link LNKF configured for IRQ 7\r\n\u001b[32m[    0.136807] \u001b[0m\u001b[33mACPI: \u001b[0mPCI: Interrupt link LNKG configured for IRQ 10\r\n\u001b[32m[    0.136874] \u001b[0m\u001b[33mACPI: \u001b[0mPCI: Interrupt link LNKH configured for IRQ 10\r\n\u001b[32m[    0.137031] \u001b[0m\u001b[33mACPI: \u001b[0mPCI Root Bridge [PCI0] (domain 0000 [bus 00-3f])\r\n\u001b[32m[    0.137036] \u001b[0m\u001b[33macpi PNP0A08:00: \u001b[0m_OSC: OS supports [ExtendedConfig ASPM ClockPM Segments MSI HPX-Type3]\r\n\u001b[32m[    0.137085] \u001b[0m\u001b[33macpi PNP0A08:00: \u001b[0m_OSC: platform does not support [SHPCHotplug PCIeCapability LTR]\r\n\u001b[32m[    0.137125] \u001b[0m\u001b[33macpi PNP0A08:00: \u001b[0m_OSC: not requesting control; platform does not support [PCIeCapability]\r\n\u001b[32m[    0.137128] \u001b[0m\u001b[33macpi PNP0A08:00: \u001b[0m_OSC: OS requested [PCIeHotplug SHPCHotplug PME AER PCIeCapability LTR]\r\n\u001b[32m[    0.137130] \u001b[0m\u001b[33macpi PNP0A08:00: \u001b[0m_OSC: platform willing to grant [PCIeHotplug PME AER]\r\n\u001b[32m[    0.137131] \u001b[0m\u001b[33macpi PNP0A08:00: \u001b[0m_OSC: platform retains control of PCIe features (AE_SUPPORT)\r\n\u001b[32m[    0.137340] \u001b[0mPCI host bridge to bus 0000:00\r\n\u001b[32m[    0.137343] \u001b[0m\u001b[33mpci_bus 0000:00: \u001b[0mroot bus resource [io  0x0000-0x0cf7 window]\r\n\u001b[32m[    0.137346] \u001b[0m\u001b[33mpci_bus 0000:00: \u001b[0mroot bus resource [io  0x0d00-0xffff window]\r\n\u001b[32m[    0.137347] \u001b[0m\u001b[33mpci_bus 0000:00: \u001b[0mroot bus resource [mem 0x000a0000-0x000bffff window]\r\n\u001b[32m[    0.137349] \u001b[0m\u001b[33mpci_bus 0000:00: \u001b[0mroot bus resource [mem 0xdfa00000-0xfebfffff window]\r\n\u001b[32m[    0.137351] \u001b[0m\u001b[33mpci_bus 0000:00: \u001b[0mroot bus resource [mem 0xfed40000-0xfed4bfff window]\r\n\u001b[32m[    0.137352] \u001b[0m\u001b[33mpci_bus 0000:00: \u001b[0mroot bus resource [bus 00-3f]\r\n\u001b[32m[    0.137368] \u001b[0m\u001b[33mpci 0000:00:00.0: \u001b"]
[49.55545, "o", "[0m[8086:0154] type 00 class 0x060000 conventional PCI endpoint\r\n\u001b[32m[    0.137438] \u001b[0m\u001b[33mpci 0000:00:02.0: \u001b[0m[8086:0166] type 00 class 0x030000 conventional PCI endpoint\r\n\u001b[32m[    0.137446] \u001b[0m\u001b[33mpci 0000:00:02.0: \u001b[0mBAR 0 [mem 0xf0000000-0xf03fffff 64bit]\r\n\u001b[32m[    0.137452] \u001b[0m\u001b[33mpci 0000:00:02.0: \u001b[0mBAR 2 [mem 0xe0000000-0xefffffff 64bit pref]\r\n"]
[49.555652, "o", "\u001b[32m[    0.137456] \u001b[0m\u001b[33mpci 0000:00:02.0: \u001b[0mBAR 4 [io  0x5000-0x503f]\r\n\u001b[32m[    0.137467] \u001b[0m\u001b[33mpci 0000:00:02.0: \u001b[0mVideo device with shadowed ROM at [mem 0x000c0000-0x000dffff]\r\n\u001b[32m[    0.137571] \u001b[0m\u001b[33mpci 0000:00:14.0: \u001b[0m[8086:1e31] type 00 class 0x0c0330 conventional PCI endpoint\r\n\u001b[32m[    0.137591] \u001b[0m\u001b[33mpci 0000:00:14.0: \u001b[0mBAR 0 [mem 0xf2520000-0xf252ffff 64bit]\r\n"]
[49.555759, "o", "\u001b[32m[    0.137659] \u001b[0m\u001b[33mpci 0000:00:14.0: \u001b[0mPME# supported from D3hot D3cold"]
[49.555855, "o", "\r\n"]
[49.556196, "o", "\u001b[32m[    0.137746] \u001b[0m\u001b[33mpci 0000:00:16.0: \u001b[0m[8086:1e3a] type 00 class 0x078000 conventional PCI endpoint\r\n\u001b[32m[    0.137768] \u001b[0m\u001b[33mpci 0000:00:16.0: \u001b[0mBAR 0 [mem 0xf2535000-0xf253500f 64bit]\r\n\u001b[32m[    0.137841] \u001b[0m\u001b[33mpci 0000:00:16.0: \u001b[0mPME# supported from D0 D3hot D3cold\r\n"]
[49.557195, "o", "\u001b[32m[    0.137901] \u001b[0m\u001b[33mpci 0000:00:16.3: \u001b[0m[8086:1e3d] type 00 class 0x070002 conventional PCI endpoint\r\n\u001b[32m[    0.137918] \u001b[0m\u001b[33mpci 0000:00:16.3: \u001b[0mBAR 0 [io  0x50b0-0x50b7]\r\n"]
[49.557322, "o", "\u001b[32m[    0.137927] \u001b[0m\u001b[33mpci 0000:00:16.3: \u001b[0mBAR 1 [mem 0xf253c000-0xf253cfff]\r\n\u001b[32m[    0.138050] \u001b[0m\u001b[33mpci 0000:00:19.0: \u001b[0m[8086:1502] type 00 class 0x020000 conventional PCI endpoint\r\n\u001b[32m[    0.138064] \u001b[0m\u001b[33mpci 0000:00:19.0: \u001b[0mBAR 0 [mem 0xf2500000-0xf251ffff]\r\n\u001b[32m[    0.138072] \u001b[0m\u001b[33mpci 0000:00:19.0: \u001b[0mBAR 1 [mem 0xf253b000-0xf253bfff]\r\n\u001b[32m[    0.138080] \u001b[0m\u001b[33mpci 0000:00:19.0: \u001b[0mBAR 2 [io  0x5080-0x509f]\r\n\u001b[32m[    0.138139] \u001b[0m\u001b[33mpci 0000:00:19.0: \u001b[0mPME# supported from D0 D3hot D3cold\r\n\u001b[32m[    0.138218] \u001b[0m\u001b[33mpci 0000:00:1a.0: \u001b[0m[8086:1e2d] type 00 class 0x0c0320 conventional PCI endpoint\r\n\u001b[32m[    0.138235] \u001b[0m\u001b[33mpci 0000:00:1a.0: \u001b[0mBAR 0 [mem 0xf253a000-0xf253a3ff]\r\n\u001b[32m[    0.138316] \u001b[0m\u001b[33mpci 0000:00:1a.0: \u001b[0mPME# supported from D0 D3hot D3cold\r\n\u001b[32m[    0.138401] \u001b[0m\u001b[33mpci 0000:00:1b.0: \u001b[0m[8086:1e20] type 00 class 0x040300 PCIe Root Complex Integrated Endpoint\r\n\u001b[32m[    0.138419] \u001b[0m\u001b[33mpci 0000:00:1b.0: \u001b[0mBAR 0 [mem 0xf2530000-0xf2533fff 64bit]\r\n\u001b[32m[    0.138498] \u001b[0m\u001b[33mpci 0000:00:1b.0: \u001b[0mPME# supported from D0 D3hot D3cold\r\n\u001b[32m[    0.138612] \u001b[0m\u001b[33mpci 0000:00:1c.0: \u001b[0m[8086:1e10] type 01 class 0x060400 PCIe Root Port\r\n\u001b[32m[    0.138663] \u001b[0m\u001b[33mpci 0000:00:1c.0: \u001b[0mPCI bridge to [bus 02]\r\n\u001b[32m[    0.138669] \u001b[0m\u001b[33mpci 0000:00:1c.0: \u001b[0m  bridge window [io  0x4000-0x4fff]\r\n\u001b[32m[    0.138674] \u001b[0m\u001b[33mpci 0000:00:1c.0: \u001b[0m  bridge window [mem 0xf1d00000-0xf24fffff]\r\n\u001b[32m[    0.138691] \u001b[0m\u001b[33mpci 0000:00:1c.0: \u001b[0m  bridge window [mem 0xf0400000-0xf0bfffff 64bit pref]\r\n\u001b[32m[    0.138787] \u001b[0m\u001b[33mpci 0000:00:1c.0: \u001b[0mPME# supported from D0 D3hot D3cold\r\n\u001b[32m[    0.138917] \u001b[0m\u001b[33mpci 0000:00:1c.1: \u001b[0m[8086:1e12] type 01 class 0x060400 PCIe Root Port\r\n\u001b[32m[    0.138967] \u001b[0m\u001b[33mpci 0000:00:1c.1: \u001b[0mPCI bridge to [bus 03]\r\n\u001b[32m[    0.138977] \u001b[0m\u001b[33mpci 0000:00:1c.1: \u001b[0m  bridge window [mem 0xf1c00000-0xf1cfffff]\r\n\u001b[32m[    0.139091] \u001b[0m\u001b[33mpci 0000:00:1c.1: \u001b[0mPME# supported from D0 D3hot D3cold\r\n\u001b[32m[    0.139225] \u001b[0m\u001b[33mpci 0000:00:1c.2: \u001b[0m[8086:1e14] type 01 class 0x060400 PCIe Root Port\r\n\u001b[32m[    0.139275] \u001b[0m\u001b[33mpci 0000:00:1c.2: \u001b[0mPCI bridge to [bus 04-0b]\r\n\u001b[32m[    0.139281] \u001b[0m\u001b[33mpci 0000:00:1c.2: \u001b[0m  bridge window [io  0x3000-0x3fff]\r\n\u001b[32m[    0.139286] \u001b[0m\u001b[33mpci 0000:00:1c.2: \u001b[0m  bridge window [mem 0xf1400000-0xf1bfffff]\r\n\u001b[32m[    0.139303] \u001b[0m\u001b[33mpci 0000:00:1c.2: \u001b[0m  bridge window [mem 0xf0c00000-0xf13fffff 64bit pref]\r\n\u001b[32m[    0.139401] \u001b[0m\u001b[33mpci 0000:00:1c.2: \u001b[0mPME# supported from D0 D3hot D3cold\r\n\u001b[32m[    0.139523] \u001b[0m\u001b[33mpci 0000:00:1d.0: \u001b[0m[8086:1e26] type 00 class 0x0c0320 conventional PCI endpoint\r\n\u001b[32m[    0.139539] \u001b[0m\u001b[33mpci 0000:00:1d.0: \u001b[0mBAR 0 [mem 0xf2539000-0xf25393ff]\r\n\u001b[32m[    0.139621] \u001b[0m\u001b[33mpci 0000:00:1d.0: \u001b[0mPME# supported from D0 D3hot D3cold\r\n\u001b[32m[    0.139709] \u001b[0m\u001b[33mpci 0000:00:1f.0: \u001b[0m[8086:1e55] type 00 class 0x060100 conventional PCI endpoint\r\n\u001b[32m[    0.139897] \u001b[0m\u001b[33mpci 0000:00:1f.2: \u001b[0m[8086:1e03] type 00 class 0x010601 conventional PCI endpoint\r\n\u001b[32m[    0.139910] \u001b[0m\u001b[33mpci 0000:00:1f.2: \u001b[0mBAR 0 [io  0x50a8-0x50af]\r\n\u001b[32m[    0.139917] \u001b[0m\u001b[33mpci 0000:00:1f.2: \u001b[0mBAR 1 [io  0x50bc-0x50bf]\r\n\u001b[32m[    0.139924] \u001b[0m\u001b[33mpci 0000:00:1f.2: \u001b[0mBAR 2 [io  0x50a0-0x50a7]\r\n\u001b[32m[    0.139931] \u001b[0m\u001b[33mpci 0000:00:1f.2: \u001b[0mBAR 3 [io  0x50b8-0x50bb]\r\n\u001b[32m[    0.139939] \u001b[0m\u001b[33mpci 0000:00:1f.2: \u001b[0mBAR 4 [io  0x5060-0x507f]\r\n\u001b[32m[    0.139946] \u001b[0m\u001b[33mpci 0000:00:1f.2: \u001b[0mBAR 5 [mem 0xf2538000-0xf25387ff]\r\n\u001b[32m[    0.139987] \u001b[0m\u001b[33mpci 0000:00:1f.2: \u001b[0mPME# supported from D3hot\r\n\u001b[32m[    0.140060] \u001b[0m\u001b[33mpci 0000:00:1f.3: \u001b[0m[8086:1e22] type 00 class 0x0c0500 conventional PCI endpoint\r\n\u001b[32m[    0.140078] \u001b[0m\u001b[33mpci 0000:00:1f.3: \u001b[0mBAR 0 [mem 0xf2534000-0xf25340ff 64bit]\r\n\u001b[32m[    0.140098] \u001b[0m\u001b[33mpci 0000:00:1f.3: \u001b[0mBAR 4 [io  0xefa0-0xefbf]\r\n\u001b[32m[    0.140321] \u001b[0m\u001b[33mpci 0000:02:00.0: \u001b[0mMMC controller base frequency changed to 50Mhz.\r\n\u001b[32m[    0.140326] \u001b[0m\u001b[33mpci 0000:02"]
[49.558188, "o", ":00.0: \u001b[0m[1180:e822] type 00 class 0x088001 PCIe Endpoint\r\n\u001b[32m[    0.140360] \u001b[0m\u001b[33mpci 0000:02:00.0: \u001b[0mBAR 0 [mem 0xf1d00000-0xf1d000ff]\r\n\u001b[32m[    0.140597] \u001b[0m\u001b[33mpci 0000:02:00.0: \u001b[0msupports D1 D2\r\n\u001b[32m[    0.140598] \u001b[0m\u001b[33mpci 0000:02:00.0: \u001b[0mPME# supported from D0 D1 D2 D3hot D3cold\r\n\u001b[32m[    0.140875] \u001b[0m\u001b[33mpci 0000:00:1c.0: \u001b[0mPCI bridge to [bus 02]\r\n\u001b[32m[    0.141157] \u001b[0m\u001b[33mpci 0000:03:00.0: \u001b[0m[8086:0085] type 00 class 0x028000 PCIe Endpoint\r\n\u001b[32m[    0.141337] \u001b[0m\u001b[33mpci 0000:03:00.0: \u001b[0mBAR 0 [mem 0xf1c00000-0xf1c01fff 64bit]\r\n\u001b[32m[    0.142188] \u001b[0m\u001b[33mpci 0000:03:00.0: \u001b[0mPME# supported from D0 D3hot D3cold\r\n\u001b[32m[    0.142833] \u001b[0m\u001b[33mpci 0000:00:1c.1: \u001b[0mPCI bridge to [bus 03]\r\n\u001b[32m[    0.142923] \u001b[0m\u001b[33macpiphp: \u001b[0mSlot [1] registered\r\n\u001b[32m[    0.142932] \u001b[0m\u001b[33mpci 0000:00:1c.2: \u001b[0mPCI bridge to [bus 04-0b]\r\n\u001b[32m[    0.144484] \u001b[0m\u001b[33mACPI: \u001b[0mEC: interrupt unblocked\r\n\u001b[32m[    0.144486] \u001b[0m\u001b[33mACPI: \u001b[0mEC: event unblocked\r\n\u001b[32m[    0.144488] \u001b[0m\u001b[33mACPI: \u001b[0mEC: EC_CMD/EC_SC=0x66, EC_DATA=0x62\r\n\u001b[32m[    0.144490] \u001b[0m\u001b[33mACPI: \u001b[0mEC: GPE=0x11\r\n\u001b[32m[    0.144492] \u001b[0m\u001b[33mACPI: \u001b[0m\\_SB_.PCI0.LPC_.EC__: Boot ECDT EC initialization complete\r\n\u001b[32m[    0.144494] \u001b[0m\u001b[33mACPI: \u001b[0m\\_SB_.PCI0.LPC_.EC__: EC: Used to handle transactions and events\r\n\u001b[32m[    0.144574] \u001b[0m\u001b[33miommu: \u001b[0mDefault domain type: Translated\r\n\u001b[32m[    0.144576] \u001b[0m\u001b[33miommu: \u001b[0mDMA domain TLB invalidation policy: lazy mode\r\n\u001b[32m[    0.144685] \u001b[0m\u001b[33mpps_core: \u001b[0mLinuxPPS API ver. 1 registered\r\n\u001b[32m[    0.144687] \u001b[0m\u001b[33mpps_core: \u001b[0mSoftware ver. 5.3.6 - Copyright 2005-2007 Rodolfo Giometti <giometti@linux.it>\r\n\u001b[32m[    0.144690] \u001b[0mPTP clock support registered\r\n\u001b[32m[    0.144700] \u001b[0m\u001b[33mEDAC MC: \u001b[0mVer: 3.0.0\r\n\u001b[32m[    0.144978] \u001b[0m\u001b[33mNetLabel: \u001b[0mInitializing\r\n\u001b[32m[    0.144980] \u001b[0m\u001b[33mNetLabel: \u001b[0m domain hash size = 128\r\n\u001b[32m[    0.144981] \u001b[0m\u001b[33mNetLabel: \u001b[0m protocols = UNLABELED CIPSOv4 CALIPSO\r\n\u001b[32m[    0.144997] \u001b[0m\u001b[33mNetLabel: \u001b[0m unlabeled traffic allowed by default\r\n\u001b[32m[    0.144998] \u001b[0m\u001b[33mmctp: \u001b[0mmanagement component transport protocol core\r\n\u001b[32m[    0.145000] \u001b[0m\u001b[33mNET: \u001b[0mRegistered PF_MCTP protocol family\r\n\u001b[32m[    0.145004] \u001b[0m\u001b[33mPCI: \u001b[0mUsing ACPI for IRQ routing\r\n\u001b[32m[    0.146782] \u001b[0m\u001b[33mPCI: \u001b[0mpci_cache_line_size set to 64 bytes\r\n\u001b[32m[    0.147159] \u001b[0m\u001b[33me820: \u001b[0mreserve RAM buffer [mem 0x0009d800-0x0009ffff]\r\n\u001b[32m[    0.147162] \u001b[0m\u001b[33me820: \u001b[0mreserve RAM buffer [mem 0x40004000-0x43ffffff]\r\n\u001b[32m[    0.147163] \u001b[0m\u001b[33me820: \u001b[0mreserve RAM buffer [mem 0xcec31000-0xcfffffff]\r\n\u001b[32m[    0.147164] \u001b[0m\u001b[33me820: \u001b[0mreserve RAM buffer [mem 0x11e600000-0x11fffffff]\r\n\u001b[32m[    0.147183] \u001b[0m\u001b[33mpci 0000:00:02.0: \u001b[0mvgaarb: setting as boot VGA device\r\n\u001b[32m[    0.147183] \u001b[0m\u001b[33mpci 0000:00:02.0: \u001b[0mvgaarb: bridge control possible\r\n\u001b[32m[    0.147183] \u001b[0m\u001b[33mpci 0000:00:02.0: \u001b[0mvgaarb: VGA device added: decodes=io+mem,owns=io+mem,locks=none\r\n\u001b[32m[    0.147183] \u001b[0m\u001b[33mvgaarb: \u001b[0mloaded\r\n\u001b[32m[    0.147183] \u001b[0m\u001b[33mhpet0: \u001b[0mat MMIO 0xfed00000, IRQs 2, 8, 0, 0, 0, 0, 0, 0\r\n\u001b[32m[    0.147183] \u001b[0m\u001b[33mhpet0: \u001b[0m8 comparators, 64-bit 14.318180 MHz counter\r\n\u001b[32m[    0.148781] \u001b[0m\u001b[33mclocksource: \u001b[0mSwitched to clocksource tsc-early\r\n\u001b[32m[    0.149343] \u001b[0m\u001b[33mVFS: \u001b[0mDisk quotas dquot_6.6.0\r\n\u001b[32m[    0.149355] \u001b[0m\u001b[33mVFS: \u001b[0mDquot-cache hash table entries: 512 (order 0, 4096 bytes)\r\n\u001b[32m[    0.149423] \u001b[0m\u001b[33mpnp: \u001b[0mPnP ACPI init\r\n\u001b[32m[    0.149740] \u001b[0m\u001b[33mpnp 00:00: \u001b[0m\u001b[1mdisabling [mem 0x000c0000-0x000c3fff] because it overlaps 0000:00:02.0 BAR 6 [mem 0x000c0000-0x000dffff]\u001b[0m\r\n\u001b[32m[    0.149744] \u001b[0m\u001b[33mpnp 00:00: \u001b[0m\u001b[1mdisabling [mem 0x000c4000-0x000c7fff] because it overlaps 0000:00:02.0 BAR 6 [mem 0x000c0000-0x000dffff]\u001b[0m\r\n\u001b[32m[    0.149746] \u001b[0m\u001b[33mpnp 00:00: \u001b[0m\u001b[1mdisabling [mem 0x000c8000-0x000cbfff] because it overlaps 0000:00:02.0 BAR 6 [mem 0x000c0000-0x000dffff]\u001b[0m\r\n\u001b[32m[    0.149748] \u001b[0m\u001b[33mpnp 00:00: \u001b[0m\u001b[1mdisabling [mem 0x000cc000-"]
[49.558389, "o", "0x000cffff] because it overlaps 0000:00:02.0 BAR 6 [mem 0x000c0000-0x000dffff]\u001b[0m\r\n\u001b[32m[    0.149750] \u001b[0m\u001b[33mpnp 00:00: \u001b[0m\u001b[1mdisabling [mem 0x000d0000-0x000d3fff] because it overlaps 0000:00:02.0 BAR 6 [mem 0x000c0000-0x000dffff]\u001b[0m\r\n\u001b[32m[    0.149752] \u001b[0m\u001b[33mpnp 00:00: \u001b[0m\u001b[1mdisabling [mem 0x000d4000-0x000d7fff] because it overlaps 0000:00:02.0 BAR 6 [mem 0x000c0000-0x000dffff]\u001b[0m\r\n\u001b[32m[    0.149754] \u001b[0m\u001b[33mpnp 00:00: \u001b[0m\u001b[1mdisabling [mem 0x000d8000-0x000dbfff] because it overlaps 0000:00:02.0 BAR 6 [mem 0x000c0000-0x000dffff]\u001b[0m\r\n\u001b[32m[    0.149756] \u001b[0m\u001b[33mpnp 00:00: \u001b[0m\u001b[1mdisabling [mem 0x000dc000-0x000dffff] because it overlaps 0000:00:02.0 BAR 6 [mem 0x000c0000-0x000dffff]\u001b[0m\r\n\u001b[32m[    0.149790] \u001b[0m\u001b[33msystem 00:00: \u001b[0m[mem 0x00000000-0x0009ffff] could not be reserved\r\n\u001b[32m[    0.149792] \u001b[0m\u001b[33msystem 00:00: \u001b[0m[mem 0x000e0000-0x000e3fff] could not be reserved\r\n\u001b[32m[    0.149794] \u001b[0m\u001b[33msystem 00:00: \u001b[0m[mem 0x000e4000-0x000e7fff] could not be reserved\r\n\u001b[32m[    0.149796] \u001b[0m\u001b[33msystem 00:00: \u001b[0m[mem 0x000e8000-0x000ebfff] could not be reserved\r\n\u001b[32m[    0.149798] \u001b[0m\u001b[33msystem 00:00: \u001b[0m[mem 0x000ec000-0x000effff] could not be reserved\r\n\u001b[32m[    0.149799] \u001b[0m\u001b[33msystem 00:00: \u001b[0m[mem 0x000f0000-0x000fffff] could not be reserved\r\n\u001b[32m[    0.149801] \u001b[0m\u001b[33msystem 00:00: \u001b[0m[mem 0x00100000-0xdf9fffff] could not be reserved\r\n\u001b[32m[    0.149803] \u001b[0m\u001b[33msystem 00:00: \u001b[0m[mem 0xfec00000-0xfed3ffff] could not be reserved\r\n\u001b[32m[    0.149804] \u001b[0m\u001b[33msystem 00:00: \u001b[0m[mem 0xfed4c000-0xffffffff] could not be reserved\r\n\u001b[32m[    0.149881] \u001b[0m\u001b[33mpnp 00:01: \u001b[0m[Firmware Bug]: PNP resource [mem 0xfed10000-0xfed13fff] covers only part of 0000:00:00.0 Intel MCH; extending to [mem 0xfed10000-0xfed17fff]\r\n\u001b[32m[    0.149900] \u001b[0m\u001b[33msystem 00:01: \u001b[0m[io  0x0400-0x047f] has been reserved\r\n\u001b[32m[    0.149902] \u001b[0m\u001b[33msystem 00:01: \u001b[0m[io  0x0500-0x057f] has been reserved\r\n\u001b[32m[    0.149904] \u001b[0m\u001b[33msystem 00:01: \u001b[0m[io  0x0800-0x080f] has been reserved\r\n\u001b[32m[    0.149906] \u001b[0m\u001b[33msystem 00:01: \u001b[0m[io  0x15e0-0x15ef] has been reserved\r\n\u001b[32m[    0.149907] \u001b[0m\u001b[33msystem 00:01: \u001b[0m[io  0x1600-0x167f] has been reserved\r\n\u001b[32m[    0.149911] \u001b[0m\u001b[33msystem 00:01: \u001b[0m[mem 0xf8000000-0xfbffffff] has been reserved\r\n\u001b[32m[    0.149913] \u001b[0m\u001b[33msystem 00:01: \u001b[0m[mem 0xfffff000-0xffffffff] has been reserved\r\n\u001b[32m[    0.149915] \u001b[0m\u001b[33msystem 00:01: \u001b[0m[mem 0xfed1c000-0xfed1ffff] has been reserved\r\n\u001b[32m[    0.149917] \u001b[0m\u001b[33msystem 00:01: \u001b[0m[mem 0xfed10000-0xfed17fff] has been reserved\r\n\u001b[32m[    0.149919] \u001b[0m\u001b[33msystem 00:01: \u001b[0m[mem 0xfed18000-0xfed18fff] has been reserved\r\n\u001b[32m[    0.149921] \u001b[0m\u001b[33msystem 00:01: \u001b[0m[mem 0xfed19000-0xfed19fff] has been reserved\r\n\u001b[32m[    0.149923] \u001b[0m\u001b[33msystem 00:01: \u001b[0m[mem 0xfed45000-0xfed4bfff] has been reserved\r\n\u001b[32m[    0.150515] \u001b[0m\u001b[33mpnp: \u001b[0mPnP ACPI: found 6 devices\r\n\u001b[32m[    0.156875] \u001b[0m\u001b[33mclocksource: \u001b[0macpi_pm: mask: 0xffffff max_cycles: 0xffffff, max_idle_ns: 2085701024 ns\r\n\u001b[32m[    0.156936] \u001b[0m\u001b[33mNET: \u001b[0mRegistered PF_INET protocol family\r\n\u001b[32m[    0.156986] \u001b[0m\u001b[33mIP idents hash table entries: \u001b[0m65536 (order: 7, 524288 bytes, linear)\r\n\u001b[32m[    0.169566] \u001b[0m\u001b[33mtcp_listen_portaddr_hash hash table entries: \u001b[0m2048 (order: 3, 32768 bytes, linear)\r\n\u001b[32m[    0.169591] \u001b[0m\u001b[33mTable-perturb hash table entries: \u001b[0m65536 (order: 6, 262144 bytes, linear)\r\n\u001b[32m[    0.169606] \u001b[0m\u001b[33mTCP established hash table entries: \u001b[0m32768 (order: 6, 262144 bytes, linear)\r\n\u001b[32m[    0.169700] \u001b[0m\u001b[33mTCP bind hash table entries: \u001b[0m32768 (order: 8, 1048576 bytes, linear)\r\n\u001b[32m[    0.169840] \u001b[0m\u001b[33mTCP: \u001b[0mHash tables configured (established 32768 bind 32768)\r\n\u001b[32m[    0.169939] \u001b[0m\u001b[33mMPTCP token hash table entries: \u001b[0m4096 (order: 4, 98304 bytes, linear)\r\n\u001b[32m[    0.169967] \u001b[0m\u001b[33mUDP hash table entries: \u001b[0m2048 (order: 4, 65536 bytes, linear)\r\n\u001b[32m[    0.169981] \u001b[0m\u001b[33mUDP-Lite hash table entries: \u001b[0m2048 (order: 4, 65536 bytes, linear)\r\n\u001b[32m[    0.170023] \u001b[0m\u001b[33mNET: "]
[49.558581, "o", "\u001b[0mRegistered PF_UNIX/PF_LOCAL protocol family\r\n\u001b[32m[    0.170030] \u001b[0m\u001b[33mNET: \u001b[0mRegistered PF_XDP protocol family\r\n\u001b[32m[    0.170042] \u001b[0m\u001b[33mpci 0000:00:1c.0: \u001b[0mPCI bridge to [bus 02]\r\n\u001b[32m[    0.170051] \u001b[0m\u001b[33mpci 0000:00:1c.0: \u001b[0m  bridge window [io  0x4000-0x4fff]\r\n\u001b[32m[    0.170059] \u001b[0m\u001b[33mpci 0000:00:1c.0: \u001b[0m  bridge window [mem 0xf1d00000-0xf24fffff]\r\n\u001b[32m[    0.170064] \u001b[0m\u001b[33mpci 0000:00:1c.0: \u001b[0m  bridge window [mem 0xf0400000-0xf0bfffff 64bit pref]\r\n\u001b[32m[    0.170073] \u001b[0m\u001b[33mpci 0000:00:1c.1: \u001b[0mPCI bridge to [bus 03]\r\n\u001b[32m[    0.170079] \u001b[0m\u001b[33mpci 0000:00:1c.1: \u001b[0m  bridge window [mem 0xf1c00000-0xf1cfffff]\r\n\u001b[32m[    0.170090] \u001b[0m\u001b[33mpci 0000:00:1c.2: \u001b[0mPCI bridge to [bus 04-0b]\r\n\u001b[32m[    0.170093] \u001b[0m\u001b[33mpci 0000:00:1c.2: \u001b[0m  bridge window [io  0x3000-0x3fff]\r\n\u001b[32m[    0.170100] \u001b[0m\u001b[33mpci 0000:00:1c.2: \u001b[0m  bridge window [mem 0xf1400000-0xf1bfffff]\r\n\u001b[32m[    0.170105] \u001b[0m\u001b[33mpci 0000:00:1c.2: \u001b[0m  bridge window [mem 0xf0c00000-0xf13fffff 64bit pref]\r\n\u001b[32m[    0.170114] \u001b[0m\u001b[33mpci_bus 0000:00: \u001b[0mresource 4 [io  0x0000-0x0cf7 window]\r\n\u001b[32m[    0.170116] \u001b[0m\u001b[33mpci_bus 0000:00: \u001b[0mresource 5 [io  0x0d00-0xffff window]\r\n\u001b[32m[    0.170117] \u001b[0m\u001b[33mpci_bus 0000:00: \u001b[0mresource 6 [mem 0x000a0000-0x000bffff window]\r\n\u001b[32m[    0.170119] \u001b[0m\u001b[33mpci_bus 0000:00: \u001b[0mresource 7 [mem 0xdfa00000-0xfebfffff window]\r\n\u001b[32m[    0.170120] \u001b[0m\u001b[33mpci_bus 0000:00: \u001b[0mresource 8 [mem 0xfed40000-0xfed4bfff window]\r\n\u001b[32m[    0.170122] \u001b[0m\u001b[33mpci_bus 0000:02: \u001b[0mresource 0 [io  0x4000-0x4fff]\r\n\u001b[32m[    0.170124] \u001b[0m\u001b[33mpci_bus 0000:02: \u001b[0mresource 1 [mem 0xf1d00000-0xf24fffff]\r\n\u001b[32m[    0.170125] \u001b[0m\u001b[33mpci_bus 0000:02: \u001b[0mresource 2 [mem 0xf0400000-0xf0bfffff 64bit pref]\r\n\u001b[32m[    0.170127] \u001b[0m\u001b[33mpci_bus 0000:03: \u001b[0mresource 1 [mem 0xf1c00000-0xf1cfffff]\r\n\u001b[32m[    0.170128] \u001b[0m\u001b[33mpci_bus 0000:04: \u001b[0mresource 0 [io  0x3000-0x3fff]\r\n\u001b[32m[    0.170130] \u001b[0m\u001b[33mpci_bus 0000:04: \u001b[0mresource 1 [mem 0xf1400000-0xf1bfffff]\r\n\u001b[32m[    0.170131] \u001b[0m\u001b[33mpci_bus 0000:04: \u001b[0mresource 2 [mem 0xf0c00000-0xf13fffff 64bit pref]\r\n\u001b[32m[    0.170711] \u001b[0m\u001b[33mPCI: \u001b[0mCLS 64 bytes, default 64\r\n\u001b[32m[    0.170727] \u001b[0m\u001b[33mPCI-DMA: \u001b[0mUsing software bounce buffering for IO (SWIOTLB)\r\n\u001b[32m[    0.170728] \u001b[0m\u001b[33msoftware IO TLB: \u001b[0mmapped [mem 0x00000000cac31000-0x00000000cec31000] (64MB)\r\n\u001b[32m[    0.170787] \u001b[0mTrying to unpack rootfs image as initramfs...\r\n\u001b[32m[    0.171148] \u001b[0mInitialise system trusted keyrings\r\n\u001b[32m[    0.171253] \u001b[0m\u001b[33mworkingset: \u001b[0mtimestamp_bits=40 max_order=20 bucket_order=0\r\n\u001b[32m[    0.171272] \u001b[0m\u001b[33mzbud: \u001b[0mloaded\r\n\u001b[32m[    0.184652] \u001b[0mKey type asymmetric registered\r\n\u001b[32m[    0.184658] \u001b[0mAsymmetric key parser 'x509' registered\r\n\u001b[32m[    0.184695] \u001b[0mBlock layer SCSI generic (bsg) driver version 0.4 loaded (major 246)\r\n\u001b[32m[    0.184792] \u001b[0mio scheduler mq-deadline registered\r\n\u001b[32m[    0.184794] \u001b[0mio scheduler kyber registered\r\n\u001b[32m[    0.184811] \u001b[0mio scheduler bfq registered\r\n\u001b[32m[    0.185918] \u001b[0m\u001b[33mledtrig-cpu: \u001b[0mregistered to indicate activity on CPUs\r\n\u001b[32m[    0.186391] \u001b[0m\u001b[33mshpchp: \u001b[0mStandard Hot Plug PCI Controller Driver version: 0.4\r\n\u001b[32m[    0.187553] \u001b[0m\u001b[33mSerial: \u001b[0m8250/16550 driver, 4 ports, IRQ sharing enabled\r\n\u001b[32m[    0.208620] \u001b[0m\u001b[33m0000:00:16.3: \u001b[0mttyS0 at I/O 0x50b0 (irq = 19, base_baud = 115200) is a 16550A\r\n\u001b[32m[    0.209688] \u001b[0m\u001b[33me1000e: \u001b[0mIntel(R) PRO/1000 Network Driver\r\n\u001b[32m[    0.209691] \u001b[0m\u001b[33me1000e: \u001b[0mCopyright(c) 1999 - 2015 Intel Corporation.\r\n\u001b[32m[    0.209833] \u001b[0m\u001b[33me1000e 0000:00:19.0: \u001b[0mInterrupt Throttling Rate (ints/sec) set to dynamic conservative mode\r\n\u001b[32m[    0.294237] \u001b[0m\u001b[33me1000e 0000:00:19.0 0000:00:19.0 (uninitialized): \u001b[0mregistered PHC clock\r\n\u001b[32m[    0.376194] \u001b[0m\u001b[33me1000e 0000:00:19.0 eth0: \u001b[0m(PCI Express:2.5GT/s:Width x1) 3c:97:0e:75:e2:f6\r\n\u001b[32m[    0.376203] \u001b[0m\u001b[33me1000e 0000:00:19.0 eth0: \u001b[0mIntel(R) PRO/1000 Network Connection\r\n\u001b[32m[    0.376241] \u001b[0m\u001b[33me1000e 0000:00:19.0 eth0: \u001b[0mMAC:"]
[49.558722, "o", " 10, PHY: 11, PBA No: 1000FF-0FF\r\n\u001b[32m[    0.376362] \u001b[0m\u001b[33mi8042: \u001b[0mPNP: PS/2 Controller [PNP0303:KBD,PNP0f13:MOU] at 0x60,0x64 irq 1,12\r\n\u001b[32m[    0.379491] \u001b[0m\u001b[33mserio: \u001b[0mi8042 KBD port at 0x60,0x64 irq 1\r\n\u001b[32m[    0.379502] \u001b[0m\u001b[33mserio: \u001b[0mi8042 AUX port at 0x60,0x64 irq 12\r\n\u001b[32m[    0.379668] \u001b[0m\u001b[33mmousedev: \u001b[0mPS/2 mouse device common for all mice\r\n\u001b[32m[    0.379724] \u001b[0m\u001b[33mrtc_cmos 00:02: \u001b[0mRTC can wake from S4\r\n\u001b[32m[    0.380067] \u001b[0m\u001b[33mrtc_cmos 00:02: \u001b[0mregistered as rtc0\r\n\u001b[32m[    0.380107] \u001b[0m\u001b[33mrtc_cmos 00:02: \u001b[0msetting system clock to 2025-11-10T18:03:18 UTC (1762797798)\r\n\u001b[32m[    0.380151] \u001b[0m\u001b[33mrtc_cmos 00:02: \u001b[0malarms up to one month, y3k, 114 bytes nvram, hpet irqs\r\n\u001b[32m[    0.381263] \u001b[0m\u001b[33minput: \u001b[0mAT Translated Set 2 keyboard as /devices/platform/i8042/serio0/input/input0\r\n\u001b[32m[    0.382961] \u001b[0m\u001b[33mintel_pstate: \u001b[0mIntel P-state driver initializing\r\n\u001b[32m[    0.383224] \u001b[0m\u001b[33mvesafb: \u001b[0mmode is 1366x768x32, linelength=5504, pages=0\r\n\u001b[32m[    0.383227] \u001b[0m\u001b[33mvesafb: \u001b[0mscrolling: redraw\r\n\u001b[32m[    0.383228] \u001b[0m\u001b[33mvesafb: \u001b[0mTruecolor: size=8:8:8:8, shift=24:16:8:0\r\n\u001b[32m[    0.383243] \u001b[0m\u001b[33mvesafb: \u001b[0mframebuffer at 0xe0000000, mapped to 0x000000006ada47b7, using 4160k, total 4160k\r\n\u001b[32m[    0.383360] \u001b[0m\u001b[33mConsole: \u001b[0mswitching to colour frame buffer device 170x48\r\n\u001b[32m[    0.435392] \u001b[0m\u001b[33mfb0: \u001b[0mVESA VGA frame buffer device\r\n\u001b[32m[    0.435621] \u001b[0m\u001b[33mNET: \u001b[0mRegistered PF_INET6 protocol family\r\n\u001b[32m[    0.598108] \u001b[0m\u001b[33mFreeing initrd memory: \u001b[0m125852K\r\n\u001b[32m[    0.606725] \u001b[0mSegment Routing with IPv6\r\n\u001b[32m[    0.606732] \u001b[0mRPL Segment Routing with IPv6\r\n\u001b[32m[    0.606780] \u001b[0mIn-situ OAM (IOAM) with IPv6\r\n\u001b[32m[    0.606841] \u001b[0m\u001b[33mNET: \u001b[0mRegistered PF_PACKET protocol family\r\n\u001b[32m[    0.607327] \u001b[0m\u001b[33mENERGY_PERF_BIAS: \u001b[0m\u001b[1mSet to 'normal', was 'performance'\u001b[0m\r\n\u001b[32m[    0.607374] \u001b[0m\u001b[33mmicrocode: \u001b[0mCurrent revision: 0x00000016\r\n\u001b[32m[    0.607443] \u001b[0m\u001b[33mIPI shorthand broadcast: \u001b[0menabled\r\n\u001b[32m[    0.608895] \u001b[0m\u001b[33msched_clock: \u001b[0mMarking stable (608414659, 342853)->(616011474, -7253962)\r\n\u001b[32m[    0.609040] \u001b[0mregistered taskstats version 1\r\n\u001b[32m[    0.609247] \u001b[0mLoading compiled-in X.509 certificates\r\n\u001b[32m[    0.611553] \u001b[0m\u001b[33mLoaded X.509 cert 'Build time autogenerated kernel key: \u001b[0mccb76d9834870579f5f31d1401192f8bb4bea927'\r\n\u001b[32m[    0.613306] \u001b[0m\u001b[33mDemotion targets for Node 0: \u001b[0mnull\r\n\u001b[32m[    0.613431] \u001b[0mKey type .fscrypt registered\r\n\u001b[32m[    0.613433] \u001b[0mKey type fscrypt-provisioning registered\r\n\u001b[32m[    0.613678] \u001b[0m\u001b[33mPM: \u001b[0m  Magic number: 1:206:89\r\n\u001b[32m[    0.617182] \u001b[0m\u001b[33mclk: \u001b[0mDisabling unused clocks\r\n\u001b[32m[    0.617186] \u001b[0m\u001b[33mPM: \u001b[0mgenpd: Disabling unused power domains\r\n\u001b[32m[    0.618548] \u001b[0m\u001b[33mFreeing unused decrypted memory: \u001b[0m2028K\r\n\u001b[32m[    0.618883] \u001b[0m\u001b[33mFreeing unused kernel image (initmem) memory: \u001b[0m3340K\r\n\u001b[32m[    0.618942] \u001b[0m\u001b[33mWrite protecting the kernel read-only data: \u001b[0m28672k\r\n\u001b[32m[    0.619105] \u001b[0m\u001b[33mFreeing unused kernel image (rodata/data gap) memory: \u001b[0m288K\r\n\u001b[32m[    0.656935] \u001b[0m\u001b[33mx86/mm: \u001b[0mChecked W+X mappings: passed, no W+X pages found.\r\n\u001b[32m[    0.656937] \u001b[0m\u001b[33mx86/mm: \u001b[0mChecking user space page tables\r\n\u001b[32m[    0.693330] \u001b[0m\u001b[33mx86/mm: \u001b[0mChecked W+X mappings: passed, no W+X pages found.\r\n\u001b[32m[    0.693335] \u001b[0mRun /init as init process\r\n"]
[49.55886, "o", "\u001b[32m[    0.693337] \u001b[0m  with arguments:\r\n\u001b[32m[    0.693338] \u001b[0m    /init\r\n\u001b[32m[    0.693339] \u001b[0m  with environment:\r\n\u001b[32m[    0.693340] \u001b[0m    HOME=/\r\n\u001b[32m[    0.693340] \u001b[0m    TERM=linux"]
[49.559267, "o", "\r\n\u001b[32m[    0.693341] \u001b[0m    BOOT_IMAGE=/boot/vmlinuz-6.12.51_1\r\n\u001b[32m[    0.725366] \u001b[0m\u001b[33mdracut: \u001b[0mdracut-107\r\n\u001b[32m[    0.751758] \u001b[0m\u001b[33mraid6: \u001b[0msse2x4   gen() 17258 MB/s\r\n\u001b[32m[    0.768757] \u001b[0m\u001b[33mraid6: \u001b[0msse2x2   gen() 17904 MB/s\r\n\u001b[32m[    0.785758] \u001b[0m\u001b[33mraid6: \u001b[0msse2x1   gen() 14874 MB/s\r\n\u001b[32m[    0.785760] \u001b[0m\u001b[33mraid6: \u001b[0musing algorithm sse2x2 gen() 17904 MB/s\r\n\u001b[32m[    0.802758] \u001b[0m\u001b[33mraid6: \u001b[0m.... xor() 9935 MB/s, rmw enabled\r\n\u001b[32m[    0.802761] \u001b[0m\u001b[33mraid6: \u001b[0musing ssse3x2 recovery algorithm\r\n\u001b[32m[    0.803674] \u001b[0m\u001b[33mxor: \u001b[0mautomatically using best checksumming function   avx       \r\n\u001b[32m[    0.914676] \u001b[0mBtrfs loaded, zoned=yes, fsverity=no\r\n\u001b[32m[    0.976866] \u001b[0m\u001b[33mdevice-mapper: \u001b[0muevent: version 1.0.3\r\n\u001b[32m[    0.976963] \u001b[0m\u001b[33mdevice-mapper: \u001b[0mioctl: 4.48.0-ioctl (2023-03-01) initialised: dm-devel@lists.linux.dev\r\n\u001b[32m[    0.999973] \u001b[0m\u001b[33msystemd-udevd[288]: \u001b[0mstarting version 3.2.14\r\n"]
[49.559373, "o", "\u001b[32m[    1.003402] \u001b[0m\u001b[33mudevd[289]: \u001b[0mstarting eudev-3.2.14\r\n\u001b[32m[    1.011701] \u001b[0m\u001b[33mdracut: \u001b[0mrd.md=0: removing MD RAID activation\r\n\u001b[32m[    1.039607] \u001b[0m\u001b[33minput: \u001b[0mLid Switch as /devices/LNXSYSTM:00/LNXSYBUS:00/PNP0C0D:00/input/input2\r\n\u001b[32m[    1.044215] \u001b[0m\u001b[33mACPI: \u001b[0mbutton: Lid Switch [LID]\r\n\u001b[32m[    1.044286] \u001b[0m\u001b[33minput: \u001b[0mSleep Button as /devices/LNXSYSTM:00/LNXSYBUS:00/PNP0C0E:00/input/input3\r\n\u001b[32m[    1.044568] \u001b[0m\u001b[33mACPI: \u001b[0mbutton: Sleep Button [SLPB]\r\n\u001b[32m[    1.044644] \u001b[0m\u001b[33minput: \u001b[0mPower Button as /devices/LNXSYSTM:00/LNXPWRBN:00/input/input4\r\n\u001b[32m[    1.045360] \u001b[0m\u001b[33mACPI: \u001b[0mbutton: Power Button [PWRF]\r\n\u001b[32m[    1.047132] \u001b[0m\u001b[33mACPI: \u001b[0mbattery: Slot [BAT0] (battery absent)\r\n\u001b[32m[    1.065054] \u001b[0m\u001b[33me1000e 0000:00:19.0 enp0s25: \u001b[0mrenamed from eth0\r\n\u001b[32m[    1.086702] \u001b[0m\u001b[33mACPI: \u001b[0mbus type drm_connector registered"]
[49.560355, "o", "\r\n\u001b[32m[    1.099705] \u001b[0m\u001b[33mACPI: \u001b[0mbus type USB registered\r\n\u001b[32m[    1.099741] \u001b[0m\u001b[33musbcore: \u001b[0mregistered new interface driver usbfs\r\n\u001b[32m[    1.099754] \u001b[0m\u001b[33musbcore: \u001b[0mregistered new interface driver hub\r\n\u001b[32m[    1.099770] \u001b[0m\u001b[33musbcore: \u001b[0mregistered new device driver usb\r\n\u001b[32m[    1.104807] \u001b[0mSCSI subsystem initialized\r\n\u001b[32m[    1.115124] \u001b[0mLinux agpgart interface v0.103\r\n\u001b[32m[    1.115302] \u001b[0m\u001b[33mehci-pci 0000:00:1a.0: \u001b[0mEHCI Host Controller\r\n\u001b[32m[    1.115314] \u001b[0m\u001b[33mehci-pci 0000:00:1a.0: \u001b[0mnew USB bus registered, assigned bus number 1\r\n\u001b[32m[    1.115332] \u001b[0m\u001b[33mehci-pci 0000:00:1a.0: \u001b[0mdebug port 2\r\n\u001b[32m[    1.119369] \u001b[0m\u001b[33mehci-pci 0000:00:1a.0: \u001b[0mirq 16, io mem 0xf253a000\r\n\u001b[32m[    1.125362] \u001b[0m\u001b[33mehci-pci 0000:00:1a.0: \u001b[0mUSB 2.0 started, EHCI 1.00\r\n\u001b[32m[    1.125430] \u001b[0m\u001b[33musb usb1: \u001b[0mNew USB device found, idVendor=1d6b, idProduct=0002, bcdDevice= 6.12\r\n\u001b[32m[    1.125434] \u001b[0m\u001b[33musb usb1: \u001b[0mNew USB device strings: Mfr=3, Product=2, SerialNumber=1\r\n\u001b[32m[    1.125437] \u001b[0m\u001b[33musb usb1: \u001b[0mProduct: EHCI Host Controller\r\n\u001b[32m[    1.125439] \u001b[0m\u001b[33musb usb1: \u001b[0mManufacturer: Linux 6.12.51_1 ehci_hcd\r\n\u001b[32m[    1.125441] \u001b[0m\u001b[33musb usb1: \u001b[0mSerialNumber: 0000:00:1a.0\r\n\u001b[32m[    1.125659] \u001b[0m\u001b[33mhub 1-0:1.0: \u001b[0mUSB hub found\r\n\u001b[32m[    1.125670] \u001b[0m\u001b[33mhub 1-0:1.0: \u001b[0m3 ports detected\r\n\u001b[32m[    1.125925] \u001b[0m\u001b[33mehci-pci 0000:00:1d.0: \u001b[0mEHCI Host Controller\r\n\u001b[32m[    1.125933] \u001b[0m\u001b[33mehci-pci 0000:00:1d.0: \u001b[0mnew USB bus registered, assigned bus number 2\r\n\u001b[32m[    1.125951] \u001b[0m\u001b[33mehci-pci 0000:00:1d.0: \u001b[0mdebug port 2\r\n\u001b[32m[    1.126174] \u001b[0m\u001b[33mcryptd: \u001b[0mmax_cpu_qlen set to 1000\r\n\u001b[32m[    1.129892] \u001b[0mlibata version 3.00 loaded.\r\n\u001b[32m[    1.129953] \u001b[0m\u001b[33mehci-pci 0000:00:1d.0: \u001b[0mirq 23, io mem 0xf2539000\r\n\u001b[32m[    1.134455] \u001b[0m\u001b[33msdhci: \u001b[0mSecure Digital Host Controller Interface driver\r\n\u001b[32m[    1.134458] \u001b[0m\u001b[33msdhci: \u001b[0mCopyright(c) Pierre Ossman\r\n\u001b[32m[    1.136369] \u001b[0m\u001b[33mehci-pci 0000:00:1d.0: \u001b[0mUSB 2.0 started, EHCI 1.00\r\n\u001b[32m[    1.136477] \u001b[0m\u001b[33musb usb2: \u001b[0mNew USB device found, idVendor=1d6b, idProduct=0002, bcdDevice= 6.12\r\n\u001b[32m[    1.136481] \u001b[0m\u001b[33musb usb2: \u001b[0mNew USB device strings: Mfr=3, Product=2, SerialNumber=1\r\n\u001b[32m[    1.136483] \u001b[0m\u001b[33musb usb2: \u001b[0mProduct: EHCI Host Controller\r\n\u001b[32m[    1.136484] \u001b[0m\u001b[33musb usb2: \u001b[0mManufacturer: Linux 6.12.51_1 ehci_hcd\r\n\u001b[32m[    1.136486] \u001b[0m\u001b[33musb usb2: \u001b[0mSerialNumber: 0000:00:1d.0\r\n\u001b[32m[    1.136928] \u001b[0m\u001b[33mhub 2-0:1.0: \u001b[0mUSB hub found\r\n\u001b[32m[    1.136941] \u001b[0m\u001b[33mhub 2-0:1.0: \u001b[0m3 ports detected\r\n\u001b[32m[    1.146721] \u001b[0m\u001b[33mahci 0000:00:1f.2: \u001b[0mversion 3.0\r\n\u001b[32m[    1.146928] \u001b[0m\u001b[33mahci 0000:00:1f.2: \u001b[0mSSS flag set, parallel bus scan disabled\r\n\u001b[32m[    1.152972] \u001b[0mAES CTR mode by8 optimization enabled\r\n\u001b[32m[    1.155038] \u001b[0mNon-volatile memory driver v1.3\r\n\u001b[32m[    1.160770] \u001b[0m\u001b[33mahci 0000:00:1f.2: \u001b[0mAHCI vers 0001.0300, 32 command slots, 6 Gbps, SATA mode\r\n\u001b[32m[    1.160777] \u001b[0m\u001b[33mahci 0000:00:1f.2: \u001b[0m3/6 ports implemented (port mask 0x13)\r\n\u001b[32m[    1.160780] \u001b[0m\u001b[33mahci 0000:00:1f.2: \u001b[0mflags: 64bit ncq stag pm led clo pio slum part ems sxs apst \r\n\u001b[32m[    1.161275] \u001b[0m\u001b[33mxhci_hcd 0000:00:14.0: \u001b[0mxHCI Host Controller\r\n\u001b[32m[    1.161284] \u001b[0m\u001b[33mxhci_hcd 0000:00:14.0: \u001b[0mnew USB bus registered, assigned bus number 3\r\n\u001b[32m[    1.163157] \u001b[0m\u001b[33mxhci_hcd 0000:00:14.0: \u001b[0mhcc params 0x20007181 hci version 0x100 quirks 0x000000000000b930\r\n\u001b[32m[    1.163406] \u001b[0m\u001b[33mxhci_hcd 0000:00:14.0: \u001b[0mxHCI Host Controller\r\n\u001b[32m[    1.163414] \u001b[0m\u001b[33mxhci_hcd 0000:00:14.0: \u001b[0mnew USB bus registered, assigned bus number 4\r\n\u001b[32m[    1.163420] \u001b[0m\u001b[33mxhci_hcd 0000:00:14.0: \u001b[0mHost supports USB 3.0 SuperSpeed\r\n\u001b[32m[    1.163484] \u001b[0m\u001b[33musb usb3: \u001b[0mNew USB device found, idVendor=1d6b, idProduct=0002, bcdDevice= 6.12\r\n\u001b[32m[    1.163487] \u001b[0m\u001b[33musb usb3: \u001b[0mNew USB device strings: Mfr=3, Product=2, SerialNumber=1\r\n\u001b[32m[    1.163490] \u001b[0m\u001b[33musb usb3: \u001b[0mProduct: xHCI Host Controller\r\n\u001b[32m[    1.163492] \u001b[0m\u001b[33musb usb3: \u001b[0mManufacturer: Linux 6.12.51_1 xhci-hcd\r\n\u001b[32m[    1.163494] \u001b[0m\u001b[33musb usb3: \u001b[0mSerialNumber: 0000:00:14.0\r\n\u001b[32m[    1.163667] \u001b[0m\u001b[33mhub 3-0:1.0: \u001b[0mUSB hub found\r\n\u001b[32m[    1.163684] \u001b[0m\u001b[33mhub 3-0:1.0: \u001b[0m4 ports detected\r\n\u001b[32m[    1.168668] \u001b[0m\u001b[33mscsi host0: \u001b[0mahci\r\n\u001b[32m[    1.168741] \u001b[0m\u001b[33musb usb4: \u001b[0mNew USB device found, idVendor=1d6b, idProduct=0003, bcdDevice= 6.12\r\n\u001b[32m[    1.168744] \u001b[0m\u001b[33musb usb4: \u001b[0mNew USB device strings: Mfr=3, Product=2, SerialNumber=1\r\n\u001b[32m[    1.168747] \u001b[0m\u001b[33musb usb4: \u001b[0mProduct: xHCI Host Controller\r\n\u001b[32m[    1.168749] \u001b[0m\u001b[33musb usb4: \u001b[0mManufacturer: Linux 6.12.51_1 xhci-hcd\r\n\u001b[32m[    1.168751] \u001b[0m\u001b[33musb usb4: \u001b[0mSerialNumber: 0000:00:14.0\r\n\u001b[32m[    1.169239] \u001b[0m\u001b[33mscsi host1: \u001b[0mahci\r\n\u001b[32m[    1.169394] \u001b[0m\u001b[33msdhci-pci 0000:02:00.0: \u001b[0mSDHCI controller found [1180:e822] (rev 7)\r\n\u001b[32m[    1.170782] \u001b[0mmmc0 bounce up to 128 segments into one, max segment size 65536 bytes\r\n\u001b[32m[    1.170818] \u001b[0m\u001b[33mscsi host2: \u001b[0mahci\r\n\u001b[32m[    1.170950] \u001b[0m\u001b[33mhub 4-0:1.0: \u001b[0mUSB hub found\r\n\u001b[32m[    1.171028] \u001b[0m\u001b[33mhub 4-0:1.0: \u001b[0m4 ports detected\r\n\u001b[32m[    1.171106] \u001b[0m\u001b[33mscsi host3: \u001b[0mahci\r\n\u001b[32m[    1.171349] \u001b[0m\u001b[33mscsi host4: \u001b[0mahci\r\n\u001b[32m[    1.171504] \u001b[0m\u001b[33mscsi host5: \u001b[0mahci\r\n\u001b[32m[    1.171593] \u001b[0m\u001b[33mata1: \u001b[0mSATA max UDMA/133 abar m2048@0xf2538000 port 0xf2538100 irq 25 lpm-pol 3\r\n\u001b[32m[    1.171597] \u001b[0m\u001b[33mata2: \u001b[0mSATA max UDMA/133 abar m2048@0xf2538000 port 0xf2538180 irq 25 lpm-pol 0\r\n\u001b[32m[    1.171599] \u001b[0m\u001b[33mata3: \u001b[0mDUMMY\r\n\u001b[32m[    1.171600] \u001b[0m\u001b[33mata4: \u001b[0mDUMMY\r\n\u001b[32m[    1.171602] \u001b[0m\u001b[33mata5: \u001b[0mSATA max UDMA/133 abar m2048@0xf2538000 port 0xf2538300 irq 25 lpm-pol 0\r\n\u001b[32m[    1.171603] \u001b[0m\u001b[33mata6: \u001b[0mDUMMY\r\n\u001b[32m[    1.172644] \u001b[0m\u001b[33musb: \u001b[0m\u001b[1mport power management may be unreliable\u001b[0m\r\n\u001b[32m[    1.172889] \u001b[0m\u001b[33mthinkpad_acpi: \u001b[0mThinkPad ACPI Extras v0.26\r\n\u001b[32m[    1.172892] \u001b[0m\u001b[33mthinkpad_acpi: \u001b[0mhttp://ibm-acpi.sf.net/\r\n\u001b[32m[    1.172894] \u001b[0m\u001b[33mthinkpad_acpi: \u001b[0mThinkPad BIOS GCET91WW (2.51 ), EC GCHT21WW\r\n\u001b[32m[    1.172896] \u001b[0m\u001b[33mthinkpad_acpi: \u001b[0mLenovo ThinkPad X230 Tablet, model 3437AM4\r\n\u001b[32m[    1.174535] \u001b[0m\u001b[33mthinkpad_acpi: \u001b[0mradio switch found; radios are enabled\r\n\u001b[32m[    1.174826] \u001b[0m\u001b[33mthinkpad_acpi: \u001b[0mTablet mode switch found (type: MHKG), currently in laptop mode\r\n\u001b[32m[    1.174939] \u001b[0m\u001b[33mthinkpad_acpi: \u001b[0mThis ThinkPad has standard ACPI backlight brightness control, supported by the ACPI video driver\r\n\u001b[32m[    1.174942] \u001b[0m\u001b[33mthinkpad_acpi: \u001b[0mDisabling thinkpad-acpi brightness events by default...\r\n\u001b[32m[    1.178466] \u001b[0m\u001b[33mmmc0: \u001b[0mSDHCI controller on PCI [0000:02:00.0] using DMA\r\n\u001b[32m[    1.179607] \u001b[0m\u001b[33mthinkpad_acpi: \u001b[0mrfkill switch tpacpi_bluetooth_sw: radio is unblocked\r\n\u001b[32m[    1.183371] \u001b[0m\u001b[33mtsc: \u001b[0mRefined TSC clocksource calibration: 2893.428 MHz\r\n\u001b[32m[    1.183378] \u001b[0m\u001b[33mclocksource: \u001b[0mtsc: mask: 0xffffffffffffffff max_cycles: 0x29b502e9c9f, max_idle_ns: 440795289850 ns\r\n\u001b[32m[    1.183412] \u001b[0m\u001b[33mclocksource: \u001b[0mSwitched to clocksource tsc\r\n\u001b[32m[    1.185547] \u001b[0m\u001b[33mACPI: \u001b[0mbattery: new extension: ThinkPad Battery Extension\r\n\u001b[32m[    1.185691] \u001b[0m\u001b[33minput: \u001b[0mThinkPad Extra Buttons as /devices/platform/thinkpad_acpi/input/input6\r\n\u001b[32m[    1.366478] \u001b[0m\u001b[33musb 1-1: \u001b[0mnew high-speed USB device number 2 using ehci-pci\r\n\u001b[32m[    1.374303] \u001b[0m\u001b[33mmmc0: \u001b[0mnew high speed SDHC card at address 0001\r\n"]
[49.560486, "o", "\u001b[32m[    1.374535] \u001b[0m\u001b[33musb 2-1: \u001b[0mnew high-speed USB device number 2 using ehci-pci\r\n\u001b[32m[    1.406451] \u001b[0m\u001b[33musb 3-2: \u001b[0mnew high-speed USB device number 2 using xhci_hcd\r\n\u001b[32m[    1.476867] \u001b[0m\u001b[33mata1: \u001b[0mSATA link up 3.0 Gbps (SStatus 123 SControl 300)\r\n\u001b[32m[    1.477828] \u001b[0m\u001b[33mata1.00: \u001b[0mACPI cmd f5/00:00:00:00:00:a0(SECURITY FREEZE LOCK) filtered out\r\n\u001b[32m[    1.492484] \u001b[0m\u001b[33musb 1-1: \u001b[0mNew USB device found, idVendor=8087, idProduct=0024, bcdDevice= 0.00\r\n\u001b[32m[    1.492501] \u001b[0m\u001b[33musb 1-1: \u001b[0mNew USB device strings: Mfr=0, Product=0, SerialNumber=0\r\n\u001b[32m[    1.493405] \u001b[0m\u001b[33mhub 1-1:1.0: \u001b[0mUSB hub found\r\n\u001b[32m[    1.493719] \u001b[0m\u001b[33mhub 1-1:1.0: \u001b[0m6 ports detected\r\n\u001b[32m[    1.500137] \u001b[0m\u001b[33musb 2-1: \u001b[0mNew USB device found, idVendor=8087, idProduct=0024, bcdDevice= 0.00\r\n\u001b[32m[    1.500150] \u001b[0m\u001b[33musb 2-1: \u001b[0mNew USB device strings: Mfr=0, Product=0, SerialNumber=0\r\n\u001b[32m[    1.500657] \u001b[0m\u001b[33mhub 2-1:1.0: \u001b[0mUSB hub found\r\n"]
[49.560565, "o", "\u001b[32m[    1.500810] \u001b[0m\u001b[33mhub 2-1:1.0: \u001b[0m8 ports detected\r\n\u001b[32m[    1.521449] \u001b[0m\u001b[33mata1.00: \u001b[0mATA-8: TOSHIBA MK3276GSX, GS101X, max UDMA/100\r\n\u001b[32m[    1.521575] \u001b[0m\u001b[33mata1.00: \u001b[0m625142448 sectors, multi 16: LBA48 NCQ (depth 32), AA\r\n\u001b[32m[    1.522633] \u001b[0m\u001b[33mata1.00: \u001b[0mACPI cmd f5/00:00:00:00:00:a0(SECURITY FREEZE LOCK) filtered out\r\n\u001b[32m[    1.523659] \u001b[0m\u001b[33mata1.00: \u001b[0mconfigured for UDMA/100\r\n\u001b[32m[    1.524140] \u001b[0m\u001b[33mscsi 0:0:0:0: \u001b[0mDirect-Access     ATA      TOSHIBA MK3276GS 1X   PQ: 0 ANSI: 5\r\n"]
